test_artifact_migrations_are_checked_before_stop_and_bound_after_start (test_deploy_installer.DeployInstallerTest.test_artifact_migrations_are_checked_before_stop_and_bound_after_start) ... ok
test_broken_stderr_pipe_preserves_cleanup_and_original_exit (test_deploy_installer.DeployInstallerTest.test_broken_stderr_pipe_preserves_cleanup_and_original_exit) ... ok
test_broken_stdout_does_not_roll_back_success_and_quiet_still_checks_state (test_deploy_installer.DeployInstallerTest.test_broken_stdout_does_not_roll_back_success_and_quiet_still_checks_state) ... ok
test_catchable_signals_set_nonzero_exit_and_cleanup_once (test_deploy_installer.DeployInstallerTest.test_catchable_signals_set_nonzero_exit_and_cleanup_once) ... ok
test_closed_stderr_cannot_skip_recovery_or_replace_original_exit (test_deploy_installer.DeployInstallerTest.test_closed_stderr_cannot_skip_recovery_or_replace_original_exit) ... ok
test_health_failure_preserves_backup_and_stops_new_service_without_db_restore (test_deploy_installer.DeployInstallerTest.test_health_failure_preserves_backup_and_stops_new_service_without_db_restore) ... ok
test_incomplete_backup_is_removed_before_old_service_restart (test_deploy_installer.DeployInstallerTest.test_incomplete_backup_is_removed_before_old_service_restart) ... ok
test_invalid_preflight_never_stops_service (test_deploy_installer.DeployInstallerTest.test_invalid_preflight_never_stops_service) ... ok
test_late_running_agent_or_workflow_aborts_before_migration_and_restarts_old (test_deploy_installer.DeployInstallerTest.test_late_running_agent_or_workflow_aborts_before_migration_and_restarts_old) ... ok
test_nginx_preflight_failure_never_stops_or_stages (test_deploy_installer.DeployInstallerTest.test_nginx_preflight_failure_never_stops_or_stages) ... ok
test_signal_after_success_does_not_stop_or_revert_healthy_release (test_deploy_installer.DeployInstallerTest.test_signal_after_success_does_not_stop_or_revert_healthy_release) ... ok
test_success_and_shell_syntax (test_deploy_installer.DeployInstallerTest.test_success_and_shell_syntax) ... ok
test_two_gib_floor_rejects_before_staging_or_stop (test_deploy_installer.DeployInstallerTest.test_two_gib_floor_rejects_before_staging_or_stop) ... ok
test_cleanup_failure_still_attempts_every_owned_id_and_preserves_primary (test_deploy_smoke.DeploySmokeTest.test_cleanup_failure_still_attempts_every_owned_id_and_preserves_primary) ... ok
test_cleanup_failure_without_primary_is_not_reported_as_success (test_deploy_smoke.DeploySmokeTest.test_cleanup_failure_without_primary_is_not_reported_as_success) ... ok
test_keyboard_interrupt_remains_primary_while_cleanup_failures_are_reported (test_deploy_smoke.DeploySmokeTest.test_keyboard_interrupt_remains_primary_while_cleanup_failures_are_reported) ... ok
test_nonempty_but_wrong_document_and_text_fails (test_deploy_smoke.DeploySmokeTest.test_nonempty_but_wrong_document_and_text_fails) ... ok
test_nonstandard_accepted_upload_still_registers_own_id (test_deploy_smoke.DeploySmokeTest.test_nonstandard_accepted_upload_still_registers_own_id) ... ok
test_nonstandard_kb_response_registers_known_id_and_never_guesses_unknown (test_deploy_smoke.DeploySmokeTest.test_nonstandard_kb_response_registers_known_id_and_never_guesses_unknown) ... ok
test_success_cleans_only_created_ids (test_deploy_smoke.DeploySmokeTest.test_success_cleans_only_created_ids) ... ok
test_unexpected_202_is_owned_before_assertion (test_deploy_smoke.DeploySmokeTest.test_unexpected_202_is_owned_before_assertion) ... ok

----------------------------------------------------------------------
Ran 21 tests in 162.468s

OK
