[INFO] Scanning for projects...
[INFO] ------------------------------------------------------------------------
[INFO] Reactor Build Order:
[INFO] 
[INFO] hify-parent                                                        [pom]
[INFO] hify-common                                                        [jar]
[INFO] 
[INFO] ------------------------< com.hify:hify-parent >------------------------
[INFO] Building hify-parent 0.1.0-SNAPSHOT                                [1/2]
[INFO]   from pom.xml
[INFO] --------------------------------[ pom ]---------------------------------
[INFO] 
[INFO] ------------------------< com.hify:hify-common >------------------------
[INFO] Building hify-common 0.1.0-SNAPSHOT                                [2/2]
[INFO]   from hify-common/pom.xml
[INFO] --------------------------------[ jar ]---------------------------------
[INFO] 
[INFO] --- resources:3.3.1:resources (default-resources) @ hify-common ---
[INFO] skip non existing resourceDirectory /Users/weberzhao/hify/backend/hify-common/src/main/resources
[INFO] skip non existing resourceDirectory /Users/weberzhao/hify/backend/hify-common/src/main/resources
[INFO] 
[INFO] --- compiler:3.13.0:compile (default-compile) @ hify-common ---
[INFO] Nothing to compile - all classes are up to date.
[INFO] 
[INFO] --- resources:3.3.1:testResources (default-testResources) @ hify-common ---
[INFO] skip non existing resourceDirectory /Users/weberzhao/hify/backend/hify-common/src/test/resources
[INFO] 
[INFO] --- compiler:3.13.0:testCompile (default-testCompile) @ hify-common ---
[INFO] Recompiling the module because of changed source code.
[INFO] Compiling 9 source files with javac [debug parameters release 17] to target/test-classes
[INFO] 
[INFO] --- surefire:3.5.3:test (default-test) @ hify-common ---
[INFO] Using auto detected provider org.apache.maven.surefire.junitplatform.JUnitPlatformProvider
[INFO] 
[INFO] -------------------------------------------------------
[INFO]  T E S T S
[INFO] -------------------------------------------------------
[INFO] Running com.hify.common.RequestCorrelationTest
23:15:05.635 [main] INFO com.hify.common.RequestLoggingFilter -- http.request method=GET path=/api/v1/health status=200 latencyMs=0
[ERROR] Tests run: 3, Failures: 3, Errors: 0, Skipped: 0, Time elapsed: 2.941 s <<< FAILURE! -- in com.hify.common.RequestCorrelationTest
[ERROR] com.hify.common.RequestCorrelationTest.configuredLlmPoolCarriesRequestId -- Time elapsed: 1.744 s <<< FAILURE!
org.opentest4j.AssertionFailedError: 

expected: "request-A"
 but was: null
	at com.hify.common.RequestCorrelationTest.configuredLlmPoolCarriesRequestId(RequestCorrelationTest.java:22)
	at java.base/java.lang.reflect.Method.invoke(Method.java:568)
	at java.base/java.util.ArrayList.forEach(ArrayList.java:1511)
	at java.base/java.util.ArrayList.forEach(ArrayList.java:1511)

[ERROR] com.hify.common.RequestCorrelationTest.requestFilterRestoresEnclosingScope -- Time elapsed: 1.087 s <<< FAILURE!
org.opentest4j.AssertionFailedError: 

expected: "request-outer"
 but was: null
	at com.hify.common.RequestCorrelationTest.requestFilterRestoresEnclosingScope(RequestCorrelationTest.java:43)
	at java.base/java.lang.reflect.Method.invoke(Method.java:568)
	at java.base/java.util.ArrayList.forEach(ArrayList.java:1511)
	at java.base/java.util.ArrayList.forEach(ArrayList.java:1511)

[ERROR] com.hify.common.RequestCorrelationTest.configuredAsyncPoolCarriesRequestId -- Time elapsed: 0.004 s <<< FAILURE!
org.opentest4j.AssertionFailedError: 

expected: "request-B"
 but was: null
	at com.hify.common.RequestCorrelationTest.configuredAsyncPoolCarriesRequestId(RequestCorrelationTest.java:31)
	at java.base/java.lang.reflect.Method.invoke(Method.java:568)
	at java.base/java.util.ArrayList.forEach(ArrayList.java:1511)
	at java.base/java.util.ArrayList.forEach(ArrayList.java:1511)

[INFO] 
[INFO] Results:
[INFO] 
[ERROR] Failures: 
[ERROR]   RequestCorrelationTest.configuredAsyncPoolCarriesRequestId:31 
expected: "request-B"
 but was: null
[ERROR]   RequestCorrelationTest.configuredLlmPoolCarriesRequestId:22 
expected: "request-A"
 but was: null
[ERROR]   RequestCorrelationTest.requestFilterRestoresEnclosingScope:43 
expected: "request-outer"
 but was: null
[INFO] 
[ERROR] Tests run: 3, Failures: 3, Errors: 0, Skipped: 0
[INFO] 
[INFO] ------------------------------------------------------------------------
[INFO] Reactor Summary for hify-parent 0.1.0-SNAPSHOT:
[INFO] 
[INFO] hify-parent ........................................ SUCCESS [  0.003 s]
[INFO] hify-common ........................................ FAILURE [01:19 min]
[INFO] ------------------------------------------------------------------------
[INFO] BUILD FAILURE
[INFO] ------------------------------------------------------------------------
[INFO] Total time:  01:23 min
[INFO] Finished at: 2026-10-06T23:15:06+08:00
[INFO] ------------------------------------------------------------------------
[ERROR] Failed to execute goal org.apache.maven.plugins:maven-surefire-plugin:3.5.3:test (default-test) on project hify-common: There are test failures.
[ERROR] 
[ERROR] See /Users/weberzhao/hify/backend/hify-common/target/surefire-reports for the individual test results.
[ERROR] See dump files (if any exist) [date].dump, [date]-jvmRun[N].dump and [date].dumpstream.
[ERROR] -> [Help 1]
[ERROR] 
[ERROR] To see the full stack trace of the errors, re-run Maven with the -e switch.
[ERROR] Re-run Maven using the -X switch to enable full debug logging.
[ERROR] 
[ERROR] For more information about the errors and possible solutions, please read the following articles:
[ERROR] [Help 1] http://cwiki.apache.org/confluence/display/MAVEN/MojoFailureException
[ERROR] 
[ERROR] After correcting the problems, you can resume the build with the command
[ERROR]   mvn <args> -rf :hify-common
