[2026-10-07T19:10:48.708+0800][0.004s][info][gc] Using G1
[2026-10-07T19:10:48.708+0800][0.004s][info][gc,init] Version: 17.0.19+9-LTS-183 (release)
[2026-10-07T19:10:48.708+0800][0.004s][info][gc,init] CPUs: 10 total, 10 available
[2026-10-07T19:10:48.708+0800][0.004s][info][gc,init] Memory: 16384M
[2026-10-07T19:10:48.708+0800][0.004s][info][gc,init] Large Page Support: Disabled
[2026-10-07T19:10:48.708+0800][0.004s][info][gc,init] NUMA Support: Disabled
[2026-10-07T19:10:48.708+0800][0.004s][info][gc,init] Compressed Oops: Enabled (Zero based)
[2026-10-07T19:10:48.708+0800][0.004s][info][gc,init] Heap Region Size: 1M
[2026-10-07T19:10:48.708+0800][0.004s][info][gc,init] Heap Min Capacity: 8M
[2026-10-07T19:10:48.708+0800][0.004s][info][gc,init] Heap Initial Capacity: 256M
[2026-10-07T19:10:48.708+0800][0.004s][info][gc,init] Heap Max Capacity: 256M
[2026-10-07T19:10:48.708+0800][0.004s][info][gc,init] Pre-touch: Disabled
[2026-10-07T19:10:48.708+0800][0.004s][info][gc,init] Parallel Workers: 9
[2026-10-07T19:10:48.708+0800][0.004s][info][gc,init] Concurrent Workers: 2
[2026-10-07T19:10:48.708+0800][0.004s][info][gc,init] Concurrent Refinement Workers: 9
[2026-10-07T19:10:48.708+0800][0.004s][info][gc,init] Periodic GC: Disabled
[2026-10-07T19:10:48.711+0800][0.007s][info][gc,metaspace] CDS archive(s) mapped at: [0x0000007000000000-0x0000007000be8000-0x0000007000be8000), size 12484608, SharedBaseAddress: 0x0000007000000000, ArchiveRelocationMode: 1.
[2026-10-07T19:10:48.711+0800][0.007s][info][gc,metaspace] Compressed class space mapped at: 0x0000007001000000-0x0000007041000000, reserved size: 1073741824
[2026-10-07T19:10:48.711+0800][0.007s][info][gc,metaspace] Narrow klass base: 0x0000007000000000, Narrow klass shift: 0, Narrow klass range: 0x100000000
[2026-10-07T19:10:49.596+0800][0.892s][info][safepoint   ] Safepoint "ICBufferFull", Time since last: 882277208 ns, Reaching safepoint: 132167 ns, At safepoint: 108416 ns, Total: 240583 ns
[2026-10-07T19:10:50.043+0800][1.339s][info][gc,start    ] GC(0) Pause Young (Normal) (G1 Evacuation Pause)
[2026-10-07T19:10:50.045+0800][1.341s][info][gc,task     ] GC(0) Using 6 workers of 9 for evacuation
[2026-10-07T19:10:50.150+0800][1.446s][info][gc,phases   ] GC(0)   Pre Evacuate Collection Set: 2.0ms
[2026-10-07T19:10:50.150+0800][1.446s][info][gc,phases   ] GC(0)   Merge Heap Roots: 23.8ms
[2026-10-07T19:10:50.150+0800][1.446s][info][gc,phases   ] GC(0)   Evacuate Collection Set: 77.9ms
[2026-10-07T19:10:50.151+0800][1.447s][info][gc,phases   ] GC(0)   Post Evacuate Collection Set: 1.2ms
[2026-10-07T19:10:50.151+0800][1.447s][info][gc,phases   ] GC(0)   Other: 26.5ms
[2026-10-07T19:10:50.151+0800][1.447s][info][gc,heap     ] GC(0) Eden regions: 23->0(28)
[2026-10-07T19:10:50.151+0800][1.447s][info][gc,heap     ] GC(0) Survivor regions: 0->3(3)
[2026-10-07T19:10:50.151+0800][1.447s][info][gc,heap     ] GC(0) Old regions: 0->1
[2026-10-07T19:10:50.151+0800][1.447s][info][gc,heap     ] GC(0) Archive regions: 2->2
[2026-10-07T19:10:50.151+0800][1.447s][info][gc,heap     ] GC(0) Humongous regions: 0->0
[2026-10-07T19:10:50.151+0800][1.447s][info][gc,metaspace] GC(0) Metaspace: 5433K(5632K)->5433K(5632K) NonClass: 4760K(4864K)->4760K(4864K) Class: 673K(768K)->673K(768K)
[2026-10-07T19:10:50.151+0800][1.447s][info][gc          ] GC(0) Pause Young (Normal) (G1 Evacuation Pause) 23M->4M(256M) 108.487ms
[2026-10-07T19:10:50.151+0800][1.447s][info][gc,cpu      ] GC(0) User=0.01s Sys=0.01s Real=0.11s
[2026-10-07T19:10:50.151+0800][1.447s][info][safepoint   ] Safepoint "G1CollectForAllocation", Time since last: 422257375 ns, Reaching safepoint: 498875 ns, At safepoint: 132573250 ns, Total: 133072125 ns
[2026-10-07T19:10:50.700+0800][1.996s][info][safepoint   ] Safepoint "ICBufferFull", Time since last: 548618375 ns, Reaching safepoint: 60375 ns, At safepoint: 3667 ns, Total: 64042 ns
[2026-10-07T19:10:50.996+0800][2.292s][info][gc,start    ] GC(1) Pause Young (Normal) (G1 Evacuation Pause)
[2026-10-07T19:10:50.996+0800][2.292s][info][gc,task     ] GC(1) Using 6 workers of 9 for evacuation
[2026-10-07T19:10:50.997+0800][2.293s][info][gc,phases   ] GC(1)   Pre Evacuate Collection Set: 0.0ms
[2026-10-07T19:10:50.997+0800][2.293s][info][gc,phases   ] GC(1)   Merge Heap Roots: 0.0ms
[2026-10-07T19:10:50.997+0800][2.293s][info][gc,phases   ] GC(1)   Evacuate Collection Set: 1.5ms
[2026-10-07T19:10:50.997+0800][2.293s][info][gc,phases   ] GC(1)   Post Evacuate Collection Set: 0.2ms
[2026-10-07T19:10:50.997+0800][2.293s][info][gc,phases   ] GC(1)   Other: 0.1ms
[2026-10-07T19:10:50.997+0800][2.293s][info][gc,heap     ] GC(1) Eden regions: 28->0(151)
[2026-10-07T19:10:50.997+0800][2.293s][info][gc,heap     ] GC(1) Survivor regions: 3->2(4)
[2026-10-07T19:10:50.997+0800][2.293s][info][gc,heap     ] GC(1) Old regions: 1->4
[2026-10-07T19:10:50.997+0800][2.293s][info][gc,heap     ] GC(1) Archive regions: 2->2
[2026-10-07T19:10:50.997+0800][2.293s][info][gc,heap     ] GC(1) Humongous regions: 0->0
[2026-10-07T19:10:50.997+0800][2.293s][info][gc,metaspace] GC(1) Metaspace: 8381K(8512K)->8381K(8512K) NonClass: 7337K(7424K)->7337K(7424K) Class: 1044K(1088K)->1044K(1088K)
[2026-10-07T19:10:50.997+0800][2.293s][info][gc          ] GC(1) Pause Young (Normal) (G1 Evacuation Pause) 32M->5M(256M) 1.873ms
[2026-10-07T19:10:50.997+0800][2.293s][info][gc,cpu      ] GC(1) User=0.01s Sys=0.01s Real=0.00s
[2026-10-07T19:10:50.997+0800][2.293s][info][safepoint   ] Safepoint "G1CollectForAllocation", Time since last: 295415042 ns, Reaching safepoint: 148291 ns, At safepoint: 1910334 ns, Total: 2058625 ns
[2026-10-07T19:10:51.104+0800][2.400s][info][safepoint   ] Safepoint "ICBufferFull", Time since last: 106422375 ns, Reaching safepoint: 48791 ns, At safepoint: 3584 ns, Total: 52375 ns
[2026-10-07T19:10:51.213+0800][2.509s][info][safepoint   ] Safepoint "ICBufferFull", Time since last: 109299416 ns, Reaching safepoint: 172167 ns, At safepoint: 13750 ns, Total: 185917 ns
[2026-10-07T19:10:51.311+0800][2.607s][info][safepoint   ] Safepoint "ICBufferFull", Time since last: 97437750 ns, Reaching safepoint: 81458 ns, At safepoint: 625 ns, Total: 82083 ns
[2026-10-07T19:10:51.441+0800][2.737s][info][safepoint   ] Safepoint "ICBufferFull", Time since last: 130365334 ns, Reaching safepoint: 66875 ns, At safepoint: 4958 ns, Total: 71833 ns
[2026-10-07T19:10:51.621+0800][2.917s][info][safepoint   ] Safepoint "ICBufferFull", Time since last: 179900875 ns, Reaching safepoint: 163375 ns, At safepoint: 2375 ns, Total: 165750 ns
[2026-10-07T19:10:51.747+0800][3.043s][info][safepoint   ] Safepoint "ICBufferFull", Time since last: 125350042 ns, Reaching safepoint: 60083 ns, At safepoint: 3333 ns, Total: 63416 ns
[2026-10-07T19:10:51.885+0800][3.181s][info][safepoint   ] Safepoint "ICBufferFull", Time since last: 137687834 ns, Reaching safepoint: 154166 ns, At safepoint: 3334 ns, Total: 157500 ns
[2026-10-07T19:10:51.979+0800][3.275s][info][safepoint   ] Safepoint "ICBufferFull", Time since last: 93579208 ns, Reaching safepoint: 263833 ns, At safepoint: 5417 ns, Total: 269250 ns
[2026-10-07T19:10:52.106+0800][3.402s][info][safepoint   ] Safepoint "ICBufferFull", Time since last: 127602583 ns, Reaching safepoint: 65917 ns, At safepoint: 3625 ns, Total: 69542 ns
[2026-10-07T19:10:52.271+0800][3.567s][info][safepoint   ] Safepoint "ICBufferFull", Time since last: 164341500 ns, Reaching safepoint: 57458 ns, At safepoint: 18292 ns, Total: 75750 ns
[2026-10-07T19:10:52.655+0800][3.951s][info][safepoint   ] Safepoint "ICBufferFull", Time since last: 384523750 ns, Reaching safepoint: 88208 ns, At safepoint: 875 ns, Total: 89083 ns
[2026-10-07T19:10:52.724+0800][4.020s][info][safepoint   ] Safepoint "ICBufferFull", Time since last: 68425875 ns, Reaching safepoint: 59875 ns, At safepoint: 792 ns, Total: 60667 ns
[2026-10-07T19:10:52.757+0800][4.053s][info][safepoint   ] Safepoint "ICBufferFull", Time since last: 32949417 ns, Reaching safepoint: 64166 ns, At safepoint: 3417 ns, Total: 67583 ns
[2026-10-07T19:10:52.778+0800][4.074s][info][gc,start    ] GC(2) Pause Young (Normal) (G1 Evacuation Pause)
[2026-10-07T19:10:52.778+0800][4.074s][info][gc,task     ] GC(2) Using 6 workers of 9 for evacuation
[2026-10-07T19:10:52.801+0800][4.097s][info][gc,phases   ] GC(2)   Pre Evacuate Collection Set: 0.0ms
[2026-10-07T19:10:52.801+0800][4.097s][info][gc,phases   ] GC(2)   Merge Heap Roots: 0.0ms
[2026-10-07T19:10:52.801+0800][4.097s][info][gc,phases   ] GC(2)   Evacuate Collection Set: 21.0ms
[2026-10-07T19:10:52.801+0800][4.098s][info][gc,phases   ] GC(2)   Post Evacuate Collection Set: 2.0ms
[2026-10-07T19:10:52.802+0800][4.098s][info][gc,phases   ] GC(2)   Other: 0.1ms
[2026-10-07T19:10:52.802+0800][4.098s][info][gc,heap     ] GC(2) Eden regions: 151->0(119)
[2026-10-07T19:10:52.802+0800][4.098s][info][gc,heap     ] GC(2) Survivor regions: 2->15(20)
[2026-10-07T19:10:52.802+0800][4.098s][info][gc,heap     ] GC(2) Old regions: 4->4
[2026-10-07T19:10:52.802+0800][4.098s][info][gc,heap     ] GC(2) Archive regions: 2->2
[2026-10-07T19:10:52.802+0800][4.098s][info][gc,heap     ] GC(2) Humongous regions: 0->0
[2026-10-07T19:10:52.802+0800][4.098s][info][gc,metaspace] GC(2) Metaspace: 16687K(16960K)->16687K(16960K) NonClass: 14682K(14784K)->14682K(14784K) Class: 2004K(2176K)->2004K(2176K)
[2026-10-07T19:10:52.802+0800][4.098s][info][gc          ] GC(2) Pause Young (Normal) (G1 Evacuation Pause) 156M->18M(256M) 23.605ms
[2026-10-07T19:10:52.802+0800][4.098s][info][gc,cpu      ] GC(2) User=0.03s Sys=0.06s Real=0.03s
[2026-10-07T19:10:52.802+0800][4.098s][info][safepoint   ] Safepoint "G1CollectForAllocation", Time since last: 21160667 ns, Reaching safepoint: 129625 ns, At safepoint: 23809625 ns, Total: 23939250 ns
[2026-10-07T19:10:52.869+0800][4.165s][info][safepoint   ] Safepoint "ICBufferFull", Time since last: 67022166 ns, Reaching safepoint: 254125 ns, At safepoint: 5042 ns, Total: 259167 ns
[2026-10-07T19:10:52.909+0800][4.205s][info][safepoint   ] Safepoint "ICBufferFull", Time since last: 40055708 ns, Reaching safepoint: 73500 ns, At safepoint: 792 ns, Total: 74292 ns
[2026-10-07T19:10:52.988+0800][4.284s][info][safepoint   ] Safepoint "ICBufferFull", Time since last: 78512542 ns, Reaching safepoint: 180666 ns, At safepoint: 94209 ns, Total: 274875 ns
[2026-10-07T19:10:53.045+0800][4.341s][info][safepoint   ] Safepoint "ICBufferFull", Time since last: 56769625 ns, Reaching safepoint: 67208 ns, At safepoint: 875 ns, Total: 68083 ns
[2026-10-07T19:10:53.089+0800][4.385s][info][safepoint   ] Safepoint "ICBufferFull", Time since last: 43828417 ns, Reaching safepoint: 65625 ns, At safepoint: 750 ns, Total: 66375 ns
[2026-10-07T19:10:53.169+0800][4.465s][info][safepoint   ] Safepoint "ICBufferFull", Time since last: 80515083 ns, Reaching safepoint: 55750 ns, At safepoint: 3833 ns, Total: 59583 ns
[2026-10-07T19:10:53.256+0800][4.553s][info][safepoint   ] Safepoint "ICBufferFull", Time since last: 87035667 ns, Reaching safepoint: 91792 ns, At safepoint: 9041 ns, Total: 100833 ns
[2026-10-07T19:10:53.280+0800][4.576s][info][gc,start    ] GC(3) Pause Young (Normal) (G1 Evacuation Pause)
[2026-10-07T19:10:53.280+0800][4.576s][info][gc,task     ] GC(3) Using 6 workers of 9 for evacuation
[2026-10-07T19:10:53.288+0800][4.584s][info][gc,phases   ] GC(3)   Pre Evacuate Collection Set: 0.0ms
[2026-10-07T19:10:53.288+0800][4.584s][info][gc,phases   ] GC(3)   Merge Heap Roots: 0.0ms
[2026-10-07T19:10:53.288+0800][4.584s][info][gc,phases   ] GC(3)   Evacuate Collection Set: 6.6ms
[2026-10-07T19:10:53.288+0800][4.584s][info][gc,phases   ] GC(3)   Post Evacuate Collection Set: 0.5ms
[2026-10-07T19:10:53.288+0800][4.584s][info][gc,phases   ] GC(3)   Other: 0.1ms
[2026-10-07T19:10:53.288+0800][4.584s][info][gc,heap     ] GC(3) Eden regions: 119->0(147)
[2026-10-07T19:10:53.288+0800][4.584s][info][gc,heap     ] GC(3) Survivor regions: 15->6(17)
[2026-10-07T19:10:53.288+0800][4.584s][info][gc,heap     ] GC(3) Old regions: 4->18
[2026-10-07T19:10:53.288+0800][4.584s][info][gc,heap     ] GC(3) Archive regions: 2->2
[2026-10-07T19:10:53.288+0800][4.584s][info][gc,heap     ] GC(3) Humongous regions: 0->0
[2026-10-07T19:10:53.288+0800][4.584s][info][gc,metaspace] GC(3) Metaspace: 19527K(19904K)->19527K(19904K) NonClass: 17308K(17472K)->17308K(17472K) Class: 2219K(2432K)->2219K(2432K)
[2026-10-07T19:10:53.288+0800][4.584s][info][gc          ] GC(3) Pause Young (Normal) (G1 Evacuation Pause) 137M->23M(256M) 7.261ms
[2026-10-07T19:10:53.288+0800][4.584s][info][gc,cpu      ] GC(3) User=0.02s Sys=0.01s Real=0.00s
[2026-10-07T19:10:53.288+0800][4.584s][info][safepoint   ] Safepoint "G1CollectForAllocation", Time since last: 23869750 ns, Reaching safepoint: 44459 ns, At safepoint: 7368875 ns, Total: 7413334 ns
[2026-10-07T19:10:53.366+0800][4.662s][info][safepoint   ] Safepoint "ICBufferFull", Time since last: 78063333 ns, Reaching safepoint: 149250 ns, At safepoint: 2792 ns, Total: 152042 ns
[2026-10-07T19:10:53.422+0800][4.718s][info][safepoint   ] Safepoint "ICBufferFull", Time since last: 55528875 ns, Reaching safepoint: 215750 ns, At safepoint: 10416 ns, Total: 226166 ns
[2026-10-07T19:10:53.485+0800][4.781s][info][gc,start    ] GC(4) Pause Young (Concurrent Start) (Metadata GC Threshold)
[2026-10-07T19:10:53.485+0800][4.781s][info][gc,task     ] GC(4) Using 6 workers of 9 for evacuation
[2026-10-07T19:10:53.491+0800][4.787s][info][gc,phases   ] GC(4)   Pre Evacuate Collection Set: 0.1ms
[2026-10-07T19:10:53.491+0800][4.787s][info][gc,phases   ] GC(4)   Merge Heap Roots: 0.1ms
[2026-10-07T19:10:53.491+0800][4.787s][info][gc,phases   ] GC(4)   Evacuate Collection Set: 5.3ms
[2026-10-07T19:10:53.491+0800][4.787s][info][gc,phases   ] GC(4)   Post Evacuate Collection Set: 0.4ms
[2026-10-07T19:10:53.491+0800][4.787s][info][gc,phases   ] GC(4)   Other: 0.2ms
[2026-10-07T19:10:53.491+0800][4.787s][info][gc,heap     ] GC(4) Eden regions: 30->0(148)
[2026-10-07T19:10:53.491+0800][4.787s][info][gc,heap     ] GC(4) Survivor regions: 6->5(20)
[2026-10-07T19:10:53.491+0800][4.787s][info][gc,heap     ] GC(4) Old regions: 18->18
[2026-10-07T19:10:53.491+0800][4.787s][info][gc,heap     ] GC(4) Archive regions: 2->2
[2026-10-07T19:10:53.491+0800][4.787s][info][gc,heap     ] GC(4) Humongous regions: 32->0
[2026-10-07T19:10:53.491+0800][4.787s][info][gc,metaspace] GC(4) Metaspace: 21242K(21504K)->21242K(21504K) NonClass: 18812K(18944K)->18812K(18944K) Class: 2429K(2560K)->2429K(2560K)
[2026-10-07T19:10:53.491+0800][4.787s][info][gc          ] GC(4) Pause Young (Concurrent Start) (Metadata GC Threshold) 84M->22M(256M) 6.257ms
[2026-10-07T19:10:53.491+0800][4.787s][info][gc,cpu      ] GC(4) User=0.01s Sys=0.00s Real=0.01s
[2026-10-07T19:10:53.492+0800][4.788s][info][gc          ] GC(5) Concurrent Mark Cycle
[2026-10-07T19:10:53.492+0800][4.788s][info][gc,marking  ] GC(5) Concurrent Clear Claimed Marks
[2026-10-07T19:10:53.492+0800][4.788s][info][gc,marking  ] GC(5) Concurrent Clear Claimed Marks 0.017ms
[2026-10-07T19:10:53.492+0800][4.788s][info][gc,marking  ] GC(5) Concurrent Scan Root Regions
[2026-10-07T19:10:53.492+0800][4.788s][info][safepoint   ] Safepoint "CollectForMetadataAllocation", Time since last: 62673792 ns, Reaching safepoint: 692667 ns, At safepoint: 6921583 ns, Total: 7614250 ns
[2026-10-07T19:10:53.500+0800][4.796s][info][gc,marking  ] GC(5) Concurrent Scan Root Regions 8.725ms
[2026-10-07T19:10:53.500+0800][4.796s][info][gc,marking  ] GC(5) Concurrent Mark
[2026-10-07T19:10:53.500+0800][4.797s][info][gc,marking  ] GC(5) Concurrent Mark From Roots
[2026-10-07T19:10:53.500+0800][4.797s][info][gc,task     ] GC(5) Using 2 workers of 2 for marking
[2026-10-07T19:10:53.520+0800][4.816s][info][gc,marking  ] GC(5) Concurrent Mark From Roots 19.415ms
[2026-10-07T19:10:53.520+0800][4.816s][info][gc,marking  ] GC(5) Concurrent Preclean
[2026-10-07T19:10:53.520+0800][4.816s][info][gc,marking  ] GC(5) Concurrent Preclean 0.101ms
[2026-10-07T19:10:53.520+0800][4.816s][info][gc,start    ] GC(5) Pause Remark
[2026-10-07T19:10:53.523+0800][4.819s][info][gc          ] GC(5) Pause Remark 24M->24M(90M) 2.749ms
[2026-10-07T19:10:53.523+0800][4.819s][info][gc,cpu      ] GC(5) User=0.01s Sys=0.00s Real=0.00s
[2026-10-07T19:10:53.523+0800][4.819s][info][safepoint   ] Safepoint "G1Concurrent", Time since last: 28105125 ns, Reaching safepoint: 151125 ns, At safepoint: 2854833 ns, Total: 3005958 ns
[2026-10-07T19:10:53.523+0800][4.819s][info][gc,marking  ] GC(5) Concurrent Mark 22.734ms
[2026-10-07T19:10:53.523+0800][4.819s][info][gc,marking  ] GC(5) Concurrent Rebuild Remembered Sets
[2026-10-07T19:10:53.531+0800][4.827s][info][gc,marking  ] GC(5) Concurrent Rebuild Remembered Sets 8.135ms
[2026-10-07T19:10:53.532+0800][4.828s][info][gc,start    ] GC(5) Pause Cleanup
[2026-10-07T19:10:53.532+0800][4.828s][info][gc          ] GC(5) Pause Cleanup 24M->24M(90M) 0.083ms
[2026-10-07T19:10:53.532+0800][4.828s][info][gc,cpu      ] GC(5) User=0.00s Sys=0.00s Real=0.00s
[2026-10-07T19:10:53.532+0800][4.828s][info][safepoint   ] Safepoint "G1Concurrent", Time since last: 8368667 ns, Reaching safepoint: 36500 ns, At safepoint: 122833 ns, Total: 159333 ns
[2026-10-07T19:10:53.532+0800][4.828s][info][gc,marking  ] GC(5) Concurrent Cleanup for Next Mark
[2026-10-07T19:10:53.532+0800][4.828s][info][gc,marking  ] GC(5) Concurrent Cleanup for Next Mark 0.212ms
[2026-10-07T19:10:53.532+0800][4.828s][info][gc          ] GC(5) Concurrent Mark Cycle 40.299ms
[2026-10-07T19:10:54.663+0800][5.959s][info][safepoint   ] Safepoint "Cleanup", Time since last: 1128872417 ns, Reaching safepoint: 2295583 ns, At safepoint: 3667 ns, Total: 2299250 ns
[2026-10-07T19:10:56.902+0800][8.198s][info][safepoint   ] Safepoint "Cleanup", Time since last: 2236847500 ns, Reaching safepoint: 1257958 ns, At safepoint: 1105042 ns, Total: 2363000 ns
[2026-10-07T19:10:58.043+0800][9.339s][info][safepoint   ] Safepoint "Cleanup", Time since last: 1139713042 ns, Reaching safepoint: 779000 ns, At safepoint: 2625 ns, Total: 781625 ns
[2026-10-07T19:10:59.185+0800][10.481s][info][safepoint   ] Safepoint "Cleanup", Time since last: 1141984791 ns, Reaching safepoint: 488084 ns, At safepoint: 1250 ns, Total: 489334 ns
[2026-10-07T19:11:00.336+0800][11.632s][info][safepoint   ] Safepoint "Cleanup", Time since last: 1150717541 ns, Reaching safepoint: 287250 ns, At safepoint: 51292 ns, Total: 338542 ns
[2026-10-07T19:11:08.203+0800][19.499s][info][safepoint   ] Safepoint "Cleanup", Time since last: 7820497417 ns, Reaching safepoint: 46781791 ns, At safepoint: 7542 ns, Total: 46789333 ns
[2026-10-07T19:11:13.876+0800][25.173s][info][safepoint   ] Safepoint "Cleanup", Time since last: 5673011250 ns, Reaching safepoint: 237625 ns, At safepoint: 1958 ns, Total: 239583 ns
[2026-10-07T19:11:24.071+0800][35.368s][info][safepoint   ] Safepoint "Cleanup", Time since last: 10194404625 ns, Reaching safepoint: 476000 ns, At safepoint: 1917 ns, Total: 477917 ns
[2026-10-07T19:11:28.610+0800][39.906s][info][safepoint   ] Safepoint "Cleanup", Time since last: 4538051875 ns, Reaching safepoint: 510250 ns, At safepoint: 42875 ns, Total: 553125 ns
[2026-10-07T19:11:30.499+0800][41.795s][info][gc,heap,exit] Heap
[2026-10-07T19:11:30.499+0800][41.795s][info][gc,heap,exit]  garbage-first heap   total 92160K, used 36218K [0x00000007f0000000, 0x0000000800000000)
[2026-10-07T19:11:30.499+0800][41.796s][info][gc,heap,exit]   region size 1024K, 18 young (18432K), 5 survivors (5120K)
[2026-10-07T19:11:30.499+0800][41.796s][info][gc,heap,exit]  Metaspace       used 21688K, committed 22080K, reserved 1114112K
[2026-10-07T19:11:30.499+0800][41.796s][info][gc,heap,exit]   class space    used 2486K, committed 2688K, reserved 1048576K
