[2026-10-07T19:15:19.161+0800][0.006s][info][gc] Using G1
[2026-10-07T19:15:19.162+0800][0.007s][info][gc,init] Version: 17.0.19+9-LTS-183 (release)
[2026-10-07T19:15:19.162+0800][0.007s][info][gc,init] CPUs: 10 total, 10 available
[2026-10-07T19:15:19.162+0800][0.007s][info][gc,init] Memory: 16384M
[2026-10-07T19:15:19.162+0800][0.007s][info][gc,init] Large Page Support: Disabled
[2026-10-07T19:15:19.162+0800][0.007s][info][gc,init] NUMA Support: Disabled
[2026-10-07T19:15:19.162+0800][0.007s][info][gc,init] Compressed Oops: Enabled (Zero based)
[2026-10-07T19:15:19.162+0800][0.007s][info][gc,init] Heap Region Size: 1M
[2026-10-07T19:15:19.162+0800][0.007s][info][gc,init] Heap Min Capacity: 8M
[2026-10-07T19:15:19.162+0800][0.007s][info][gc,init] Heap Initial Capacity: 256M
[2026-10-07T19:15:19.162+0800][0.007s][info][gc,init] Heap Max Capacity: 768M
[2026-10-07T19:15:19.162+0800][0.007s][info][gc,init] Pre-touch: Disabled
[2026-10-07T19:15:19.162+0800][0.007s][info][gc,init] Parallel Workers: 9
[2026-10-07T19:15:19.162+0800][0.007s][info][gc,init] Concurrent Workers: 2
[2026-10-07T19:15:19.162+0800][0.007s][info][gc,init] Concurrent Refinement Workers: 9
[2026-10-07T19:15:19.162+0800][0.007s][info][gc,init] Periodic GC: Disabled
[2026-10-07T19:15:19.168+0800][0.013s][info][gc,metaspace] CDS archive(s) mapped at: [0x0000009800000000-0x0000009800be8000-0x0000009800be8000), size 12484608, SharedBaseAddress: 0x0000009800000000, ArchiveRelocationMode: 1.
[2026-10-07T19:15:19.168+0800][0.013s][info][gc,metaspace] Compressed class space mapped at: 0x0000009801000000-0x0000009841000000, reserved size: 1073741824
[2026-10-07T19:15:19.168+0800][0.013s][info][gc,metaspace] Narrow klass base: 0x0000009800000000, Narrow klass shift: 0, Narrow klass range: 0x100000000
[2026-10-07T19:15:19.637+0800][0.482s][info][safepoint   ] Safepoint "ICBufferFull", Time since last: 464756625 ns, Reaching safepoint: 142417 ns, At safepoint: 52792 ns, Total: 195209 ns
[2026-10-07T19:15:19.647+0800][0.493s][info][gc,start    ] GC(0) Pause Young (Normal) (G1 Evacuation Pause)
[2026-10-07T19:15:19.647+0800][0.493s][info][gc,task     ] GC(0) Using 6 workers of 9 for evacuation
[2026-10-07T19:15:19.649+0800][0.494s][info][gc,phases   ] GC(0)   Pre Evacuate Collection Set: 0.0ms
[2026-10-07T19:15:19.649+0800][0.494s][info][gc,phases   ] GC(0)   Merge Heap Roots: 0.0ms
[2026-10-07T19:15:19.649+0800][0.494s][info][gc,phases   ] GC(0)   Evacuate Collection Set: 1.3ms
[2026-10-07T19:15:19.649+0800][0.494s][info][gc,phases   ] GC(0)   Post Evacuate Collection Set: 0.2ms
[2026-10-07T19:15:19.649+0800][0.494s][info][gc,phases   ] GC(0)   Other: 0.2ms
[2026-10-07T19:15:19.649+0800][0.494s][info][gc,heap     ] GC(0) Eden regions: 23->0(35)
[2026-10-07T19:15:19.649+0800][0.494s][info][gc,heap     ] GC(0) Survivor regions: 0->3(3)
[2026-10-07T19:15:19.649+0800][0.494s][info][gc,heap     ] GC(0) Old regions: 0->5
[2026-10-07T19:15:19.649+0800][0.494s][info][gc,heap     ] GC(0) Archive regions: 2->2
[2026-10-07T19:15:19.649+0800][0.494s][info][gc,heap     ] GC(0) Humongous regions: 4->4
[2026-10-07T19:15:19.649+0800][0.494s][info][gc,metaspace] GC(0) Metaspace: 3315K(3456K)->3315K(3456K) NonClass: 2944K(3008K)->2944K(3008K) Class: 370K(448K)->370K(448K)
[2026-10-07T19:15:19.649+0800][0.494s][info][gc          ] GC(0) Pause Young (Normal) (G1 Evacuation Pause) 27M->12M(258M) 1.813ms
[2026-10-07T19:15:19.649+0800][0.494s][info][gc,cpu      ] GC(0) User=0.01s Sys=0.01s Real=0.00s
[2026-10-07T19:15:19.649+0800][0.494s][info][safepoint   ] Safepoint "G1CollectForAllocation", Time since last: 10319166 ns, Reaching safepoint: 9292 ns, At safepoint: 1849667 ns, Total: 1858959 ns
[2026-10-07T19:15:19.736+0800][0.581s][info][safepoint   ] Safepoint "ICBufferFull", Time since last: 86819625 ns, Reaching safepoint: 163208 ns, At safepoint: 6958 ns, Total: 170166 ns
[2026-10-07T19:15:19.796+0800][0.642s][info][safepoint   ] Safepoint "ICBufferFull", Time since last: 60332084 ns, Reaching safepoint: 49875 ns, At safepoint: 6916 ns, Total: 56791 ns
[2026-10-07T19:15:19.915+0800][0.761s][info][gc,start    ] GC(1) Pause Young (Normal) (G1 Evacuation Pause)
[2026-10-07T19:15:19.915+0800][0.761s][info][gc,task     ] GC(1) Using 6 workers of 9 for evacuation
[2026-10-07T19:15:19.918+0800][0.763s][info][gc,phases   ] GC(1)   Pre Evacuate Collection Set: 0.0ms
[2026-10-07T19:15:19.918+0800][0.763s][info][gc,phases   ] GC(1)   Merge Heap Roots: 0.0ms
[2026-10-07T19:15:19.918+0800][0.763s][info][gc,phases   ] GC(1)   Evacuate Collection Set: 1.9ms
[2026-10-07T19:15:19.918+0800][0.763s][info][gc,phases   ] GC(1)   Post Evacuate Collection Set: 0.3ms
[2026-10-07T19:15:19.918+0800][0.763s][info][gc,phases   ] GC(1)   Other: 0.2ms
[2026-10-07T19:15:19.918+0800][0.763s][info][gc,heap     ] GC(1) Eden regions: 35->0(133)
[2026-10-07T19:15:19.918+0800][0.763s][info][gc,heap     ] GC(1) Survivor regions: 3->2(5)
[2026-10-07T19:15:19.918+0800][0.763s][info][gc,heap     ] GC(1) Old regions: 5->8
[2026-10-07T19:15:19.918+0800][0.763s][info][gc,heap     ] GC(1) Archive regions: 2->2
[2026-10-07T19:15:19.918+0800][0.763s][info][gc,heap     ] GC(1) Humongous regions: 4->4
[2026-10-07T19:15:19.918+0800][0.763s][info][gc,metaspace] GC(1) Metaspace: 9641K(9920K)->9641K(9920K) NonClass: 8497K(8640K)->8497K(8640K) Class: 1144K(1280K)->1144K(1280K)
[2026-10-07T19:15:19.918+0800][0.763s][info][gc          ] GC(1) Pause Young (Normal) (G1 Evacuation Pause) 47M->14M(258M) 2.588ms
[2026-10-07T19:15:19.918+0800][0.763s][info][gc,cpu      ] GC(1) User=0.01s Sys=0.00s Real=0.00s
[2026-10-07T19:15:19.918+0800][0.763s][info][safepoint   ] Safepoint "G1CollectForAllocation", Time since last: 118837584 ns, Reaching safepoint: 72125 ns, At safepoint: 2649000 ns, Total: 2721125 ns
[2026-10-07T19:15:20.152+0800][0.998s][info][safepoint   ] Safepoint "ICBufferFull", Time since last: 234394125 ns, Reaching safepoint: 57166 ns, At safepoint: 2500 ns, Total: 59666 ns
[2026-10-07T19:15:20.251+0800][1.097s][info][gc,heap,exit] Heap
[2026-10-07T19:15:20.251+0800][1.097s][info][gc,heap,exit]  garbage-first heap   total 264192K, used 61014K [0x00000007d0000000, 0x0000000800000000)
[2026-10-07T19:15:20.251+0800][1.097s][info][gc,heap,exit]   region size 1024K, 48 young (49152K), 2 survivors (2048K)
[2026-10-07T19:15:20.251+0800][1.097s][info][gc,heap,exit]  Metaspace       used 15709K, committed 16000K, reserved 1114112K
[2026-10-07T19:15:20.251+0800][1.097s][info][gc,heap,exit]   class space    used 1980K, committed 2112K, reserved 1048576K
