[2026-10-07T19:15:15.923+0800][0.003s][info][gc] Using G1
[2026-10-07T19:15:15.923+0800][0.004s][info][gc,init] Version: 17.0.19+9-LTS-183 (release)
[2026-10-07T19:15:15.923+0800][0.004s][info][gc,init] CPUs: 10 total, 10 available
[2026-10-07T19:15:15.923+0800][0.004s][info][gc,init] Memory: 16384M
[2026-10-07T19:15:15.923+0800][0.004s][info][gc,init] Large Page Support: Disabled
[2026-10-07T19:15:15.923+0800][0.004s][info][gc,init] NUMA Support: Disabled
[2026-10-07T19:15:15.923+0800][0.004s][info][gc,init] Compressed Oops: Enabled (Zero based)
[2026-10-07T19:15:15.923+0800][0.004s][info][gc,init] Heap Region Size: 1M
[2026-10-07T19:15:15.923+0800][0.004s][info][gc,init] Heap Min Capacity: 8M
[2026-10-07T19:15:15.923+0800][0.004s][info][gc,init] Heap Initial Capacity: 256M
[2026-10-07T19:15:15.923+0800][0.004s][info][gc,init] Heap Max Capacity: 256M
[2026-10-07T19:15:15.923+0800][0.004s][info][gc,init] Pre-touch: Disabled
[2026-10-07T19:15:15.923+0800][0.004s][info][gc,init] Parallel Workers: 9
[2026-10-07T19:15:15.923+0800][0.004s][info][gc,init] Concurrent Workers: 2
[2026-10-07T19:15:15.924+0800][0.004s][info][gc,init] Concurrent Refinement Workers: 9
[2026-10-07T19:15:15.924+0800][0.004s][info][gc,init] Periodic GC: Disabled
[2026-10-07T19:15:15.926+0800][0.007s][info][gc,metaspace] CDS archive(s) mapped at: [0x0000007000000000-0x0000007000be8000-0x0000007000be8000), size 12484608, SharedBaseAddress: 0x0000007000000000, ArchiveRelocationMode: 1.
[2026-10-07T19:15:15.926+0800][0.007s][info][gc,metaspace] Compressed class space mapped at: 0x0000007001000000-0x0000007041000000, reserved size: 1073741824
[2026-10-07T19:15:15.926+0800][0.007s][info][gc,metaspace] Narrow klass base: 0x0000007000000000, Narrow klass shift: 0, Narrow klass range: 0x100000000
[2026-10-07T19:15:16.522+0800][0.602s][info][safepoint   ] Safepoint "ICBufferFull", Time since last: 593782625 ns, Reaching safepoint: 148875 ns, At safepoint: 6417 ns, Total: 155292 ns
[2026-10-07T19:15:16.625+0800][0.705s][info][safepoint   ] Safepoint "ICBufferFull", Time since last: 102966250 ns, Reaching safepoint: 67417 ns, At safepoint: 458 ns, Total: 67875 ns
[2026-10-07T19:15:16.641+0800][0.721s][info][gc,start    ] GC(0) Pause Young (Normal) (G1 Evacuation Pause)
[2026-10-07T19:15:16.641+0800][0.721s][info][gc,task     ] GC(0) Using 6 workers of 9 for evacuation
[2026-10-07T19:15:16.642+0800][0.722s][info][gc,phases   ] GC(0)   Pre Evacuate Collection Set: 0.0ms
[2026-10-07T19:15:16.642+0800][0.722s][info][gc,phases   ] GC(0)   Merge Heap Roots: 0.2ms
[2026-10-07T19:15:16.642+0800][0.722s][info][gc,phases   ] GC(0)   Evacuate Collection Set: 0.9ms
[2026-10-07T19:15:16.642+0800][0.722s][info][gc,phases   ] GC(0)   Post Evacuate Collection Set: 0.1ms
[2026-10-07T19:15:16.642+0800][0.722s][info][gc,phases   ] GC(0)   Other: 0.5ms
[2026-10-07T19:15:16.642+0800][0.722s][info][gc,heap     ] GC(0) Eden regions: 23->0(41)
[2026-10-07T19:15:16.642+0800][0.722s][info][gc,heap     ] GC(0) Survivor regions: 0->3(3)
[2026-10-07T19:15:16.642+0800][0.722s][info][gc,heap     ] GC(0) Old regions: 0->1
[2026-10-07T19:15:16.642+0800][0.722s][info][gc,heap     ] GC(0) Archive regions: 2->2
[2026-10-07T19:15:16.642+0800][0.722s][info][gc,heap     ] GC(0) Humongous regions: 0->0
[2026-10-07T19:15:16.642+0800][0.722s][info][gc,metaspace] GC(0) Metaspace: 5425K(5632K)->5425K(5632K) NonClass: 4752K(4864K)->4752K(4864K) Class: 673K(768K)->673K(768K)
[2026-10-07T19:15:16.642+0800][0.722s][info][gc          ] GC(0) Pause Young (Normal) (G1 Evacuation Pause) 23M->4M(256M) 1.361ms
[2026-10-07T19:15:16.642+0800][0.722s][info][gc,cpu      ] GC(0) User=0.00s Sys=0.00s Real=0.00s
[2026-10-07T19:15:16.642+0800][0.722s][info][safepoint   ] Safepoint "G1CollectForAllocation", Time since last: 15624708 ns, Reaching safepoint: 101625 ns, At safepoint: 1720625 ns, Total: 1822250 ns
[2026-10-07T19:15:16.760+0800][0.841s][info][safepoint   ] Safepoint "ICBufferFull", Time since last: 118230250 ns, Reaching safepoint: 52709 ns, At safepoint: 5708 ns, Total: 58417 ns
[2026-10-07T19:15:16.834+0800][0.914s][info][safepoint   ] Safepoint "ICBufferFull", Time since last: 73061042 ns, Reaching safepoint: 151041 ns, At safepoint: 3375 ns, Total: 154416 ns
[2026-10-07T19:15:16.866+0800][0.946s][info][gc,start    ] GC(1) Pause Young (Normal) (G1 Evacuation Pause)
[2026-10-07T19:15:16.866+0800][0.947s][info][gc,task     ] GC(1) Using 6 workers of 9 for evacuation
[2026-10-07T19:15:16.868+0800][0.948s][info][gc,phases   ] GC(1)   Pre Evacuate Collection Set: 0.1ms
[2026-10-07T19:15:16.868+0800][0.948s][info][gc,phases   ] GC(1)   Merge Heap Roots: 0.0ms
[2026-10-07T19:15:16.868+0800][0.948s][info][gc,phases   ] GC(1)   Evacuate Collection Set: 1.5ms
[2026-10-07T19:15:16.868+0800][0.948s][info][gc,phases   ] GC(1)   Post Evacuate Collection Set: 0.2ms
[2026-10-07T19:15:16.868+0800][0.948s][info][gc,phases   ] GC(1)   Other: 0.1ms
[2026-10-07T19:15:16.868+0800][0.948s][info][gc,heap     ] GC(1) Eden regions: 41->0(148)
[2026-10-07T19:15:16.868+0800][0.948s][info][gc,heap     ] GC(1) Survivor regions: 3->5(6)
[2026-10-07T19:15:16.868+0800][0.948s][info][gc,heap     ] GC(1) Old regions: 1->1
[2026-10-07T19:15:16.868+0800][0.948s][info][gc,heap     ] GC(1) Archive regions: 2->2
[2026-10-07T19:15:16.868+0800][0.948s][info][gc,heap     ] GC(1) Humongous regions: 0->0
[2026-10-07T19:15:16.868+0800][0.948s][info][gc,metaspace] GC(1) Metaspace: 10407K(10624K)->10407K(10624K) NonClass: 9093K(9216K)->9093K(9216K) Class: 1313K(1408K)->1313K(1408K)
[2026-10-07T19:15:16.868+0800][0.948s][info][gc          ] GC(1) Pause Young (Normal) (G1 Evacuation Pause) 45M->6M(256M) 1.885ms
[2026-10-07T19:15:16.868+0800][0.948s][info][gc,cpu      ] GC(1) User=0.01s Sys=0.00s Real=0.00s
[2026-10-07T19:15:16.868+0800][0.948s][info][safepoint   ] Safepoint "G1CollectForAllocation", Time since last: 32542917 ns, Reaching safepoint: 43000 ns, At safepoint: 1908542 ns, Total: 1951542 ns
[2026-10-07T19:15:16.916+0800][0.996s][info][safepoint   ] Safepoint "ICBufferFull", Time since last: 47665250 ns, Reaching safepoint: 44750 ns, At safepoint: 6125 ns, Total: 50875 ns
[2026-10-07T19:15:16.972+0800][1.052s][info][safepoint   ] Safepoint "ICBufferFull", Time since last: 55163208 ns, Reaching safepoint: 808042 ns, At safepoint: 243166 ns, Total: 1051208 ns
[2026-10-07T19:15:17.183+0800][1.263s][info][safepoint   ] Safepoint "ICBufferFull", Time since last: 210904834 ns, Reaching safepoint: 115916 ns, At safepoint: 13917 ns, Total: 129833 ns
[2026-10-07T19:15:17.316+0800][1.396s][info][safepoint   ] Safepoint "ICBufferFull", Time since last: 132948750 ns, Reaching safepoint: 73542 ns, At safepoint: 5791 ns, Total: 79333 ns
[2026-10-07T19:15:17.369+0800][1.450s][info][safepoint   ] Safepoint "ICBufferFull", Time since last: 53031250 ns, Reaching safepoint: 142125 ns, At safepoint: 7459 ns, Total: 149584 ns
[2026-10-07T19:15:17.427+0800][1.507s][info][safepoint   ] Safepoint "ICBufferFull", Time since last: 57398166 ns, Reaching safepoint: 179167 ns, At safepoint: 7167 ns, Total: 186334 ns
[2026-10-07T19:15:17.555+0800][1.635s][info][safepoint   ] Safepoint "ICBufferFull", Time since last: 127873083 ns, Reaching safepoint: 145875 ns, At safepoint: 1833 ns, Total: 147708 ns
[2026-10-07T19:15:17.698+0800][1.778s][info][safepoint   ] Safepoint "ICBufferFull", Time since last: 142998542 ns, Reaching safepoint: 79833 ns, At safepoint: 5667 ns, Total: 85500 ns
[2026-10-07T19:15:17.807+0800][1.887s][info][safepoint   ] Safepoint "ICBufferFull", Time since last: 108680667 ns, Reaching safepoint: 161958 ns, At safepoint: 8042 ns, Total: 170000 ns
[2026-10-07T19:15:17.836+0800][1.916s][info][safepoint   ] Safepoint "ICBufferFull", Time since last: 29079125 ns, Reaching safepoint: 63583 ns, At safepoint: 6375 ns, Total: 69958 ns
[2026-10-07T19:15:17.906+0800][1.987s][info][safepoint   ] Safepoint "ICBufferFull", Time since last: 70274625 ns, Reaching safepoint: 55875 ns, At safepoint: 375 ns, Total: 56250 ns
[2026-10-07T19:15:17.927+0800][2.007s][info][safepoint   ] Safepoint "ICBufferFull", Time since last: 20363125 ns, Reaching safepoint: 173792 ns, At safepoint: 5166 ns, Total: 178958 ns
[2026-10-07T19:15:17.958+0800][2.038s][info][safepoint   ] Safepoint "ICBufferFull", Time since last: 30794209 ns, Reaching safepoint: 67583 ns, At safepoint: 583 ns, Total: 68166 ns
[2026-10-07T19:15:18.014+0800][2.094s][info][safepoint   ] Safepoint "ICBufferFull", Time since last: 56242625 ns, Reaching safepoint: 49709 ns, At safepoint: 3458 ns, Total: 53167 ns
[2026-10-07T19:15:18.069+0800][2.149s][info][gc,start    ] GC(2) Pause Young (Normal) (G1 Evacuation Pause)
[2026-10-07T19:15:18.069+0800][2.150s][info][gc,task     ] GC(2) Using 6 workers of 9 for evacuation
[2026-10-07T19:15:18.089+0800][2.169s][info][gc,phases   ] GC(2)   Pre Evacuate Collection Set: 0.0ms
[2026-10-07T19:15:18.089+0800][2.169s][info][gc,phases   ] GC(2)   Merge Heap Roots: 0.0ms
[2026-10-07T19:15:18.089+0800][2.169s][info][gc,phases   ] GC(2)   Evacuate Collection Set: 17.4ms
[2026-10-07T19:15:18.089+0800][2.169s][info][gc,phases   ] GC(2)   Post Evacuate Collection Set: 2.0ms
[2026-10-07T19:15:18.089+0800][2.169s][info][gc,phases   ] GC(2)   Other: 0.1ms
[2026-10-07T19:15:18.089+0800][2.169s][info][gc,heap     ] GC(2) Eden regions: 148->0(135)
[2026-10-07T19:15:18.089+0800][2.169s][info][gc,heap     ] GC(2) Survivor regions: 5->18(20)
[2026-10-07T19:15:18.089+0800][2.169s][info][gc,heap     ] GC(2) Old regions: 1->1
[2026-10-07T19:15:18.089+0800][2.169s][info][gc,heap     ] GC(2) Archive regions: 2->2
[2026-10-07T19:15:18.089+0800][2.169s][info][gc,heap     ] GC(2) Humongous regions: 0->0
[2026-10-07T19:15:18.089+0800][2.169s][info][gc,metaspace] GC(2) Metaspace: 16834K(17152K)->16834K(17152K) NonClass: 14826K(14976K)->14826K(14976K) Class: 2008K(2176K)->2008K(2176K)
[2026-10-07T19:15:18.089+0800][2.169s][info][gc          ] GC(2) Pause Young (Normal) (G1 Evacuation Pause) 154M->18M(256M) 19.609ms
[2026-10-07T19:15:18.089+0800][2.169s][info][gc,cpu      ] GC(2) User=0.02s Sys=0.04s Real=0.02s
[2026-10-07T19:15:18.089+0800][2.169s][info][safepoint   ] Safepoint "G1CollectForAllocation", Time since last: 55060417 ns, Reaching safepoint: 139083 ns, At safepoint: 19646792 ns, Total: 19785875 ns
[2026-10-07T19:15:18.128+0800][2.209s][info][safepoint   ] Safepoint "ICBufferFull", Time since last: 39339541 ns, Reaching safepoint: 55709 ns, At safepoint: 3166 ns, Total: 58875 ns
[2026-10-07T19:15:18.197+0800][2.277s][info][safepoint   ] Safepoint "ICBufferFull", Time since last: 68593042 ns, Reaching safepoint: 203083 ns, At safepoint: 5542 ns, Total: 208625 ns
[2026-10-07T19:15:18.362+0800][2.443s][info][safepoint   ] Safepoint "ICBufferFull", Time since last: 165375458 ns, Reaching safepoint: 60250 ns, At safepoint: 4667 ns, Total: 64917 ns
[2026-10-07T19:15:18.403+0800][2.483s][info][safepoint   ] Safepoint "ICBufferFull", Time since last: 40406917 ns, Reaching safepoint: 159458 ns, At safepoint: 4958 ns, Total: 164416 ns
[2026-10-07T19:15:18.442+0800][2.523s][info][safepoint   ] Safepoint "ICBufferFull", Time since last: 39308334 ns, Reaching safepoint: 92375 ns, At safepoint: 791 ns, Total: 93166 ns
[2026-10-07T19:15:18.514+0800][2.594s][info][safepoint   ] Safepoint "ICBufferFull", Time since last: 71418500 ns, Reaching safepoint: 170042 ns, At safepoint: 6292 ns, Total: 176334 ns
[2026-10-07T19:15:18.850+0800][2.930s][info][safepoint   ] Safepoint "ICBufferFull", Time since last: 335677083 ns, Reaching safepoint: 103333 ns, At safepoint: 5417 ns, Total: 108750 ns
[2026-10-07T19:15:19.010+0800][3.091s][info][safepoint   ] Safepoint "ICBufferFull", Time since last: 160256208 ns, Reaching safepoint: 194167 ns, At safepoint: 22125 ns, Total: 216292 ns
[2026-10-07T19:15:19.081+0800][3.162s][info][safepoint   ] Safepoint "ICBufferFull", Time since last: 71127042 ns, Reaching safepoint: 63375 ns, At safepoint: 416 ns, Total: 63791 ns
[2026-10-07T19:15:19.113+0800][3.193s][info][gc,start    ] GC(3) Pause Young (Normal) (G1 Evacuation Pause)
[2026-10-07T19:15:19.113+0800][3.193s][info][gc,task     ] GC(3) Using 6 workers of 9 for evacuation
[2026-10-07T19:15:19.127+0800][3.208s][info][gc,phases   ] GC(3)   Pre Evacuate Collection Set: 0.0ms
[2026-10-07T19:15:19.127+0800][3.208s][info][gc,phases   ] GC(3)   Merge Heap Roots: 0.0ms
[2026-10-07T19:15:19.127+0800][3.208s][info][gc,phases   ] GC(3)   Evacuate Collection Set: 13.7ms
[2026-10-07T19:15:19.127+0800][3.208s][info][gc,phases   ] GC(3)   Post Evacuate Collection Set: 0.6ms
[2026-10-07T19:15:19.127+0800][3.208s][info][gc,phases   ] GC(3)   Other: 0.1ms
[2026-10-07T19:15:19.127+0800][3.208s][info][gc,heap     ] GC(3) Eden regions: 135->0(148)
[2026-10-07T19:15:19.127+0800][3.208s][info][gc,heap     ] GC(3) Survivor regions: 18->5(20)
[2026-10-07T19:15:19.127+0800][3.208s][info][gc,heap     ] GC(3) Old regions: 1->18
[2026-10-07T19:15:19.127+0800][3.208s][info][gc,heap     ] GC(3) Archive regions: 2->2
[2026-10-07T19:15:19.127+0800][3.208s][info][gc,heap     ] GC(3) Humongous regions: 32->0
[2026-10-07T19:15:19.127+0800][3.208s][info][gc,metaspace] GC(3) Metaspace: 20786K(21120K)->20786K(21120K) NonClass: 18412K(18624K)->18412K(18624K) Class: 2373K(2496K)->2373K(2496K)
[2026-10-07T19:15:19.127+0800][3.208s][info][gc          ] GC(3) Pause Young (Normal) (G1 Evacuation Pause) 185M->23M(256M) 14.490ms
[2026-10-07T19:15:19.127+0800][3.208s][info][gc,cpu      ] GC(3) User=0.03s Sys=0.02s Real=0.01s
[2026-10-07T19:15:19.127+0800][3.208s][info][safepoint   ] Safepoint "G1CollectForAllocation", Time since last: 31375000 ns, Reaching safepoint: 122875 ns, At safepoint: 14524459 ns, Total: 14647334 ns
[2026-10-07T19:15:19.164+0800][3.244s][info][gc,start    ] GC(4) Pause Young (Concurrent Start) (Metadata GC Threshold)
[2026-10-07T19:15:19.164+0800][3.245s][info][gc,task     ] GC(4) Using 6 workers of 9 for evacuation
[2026-10-07T19:15:19.167+0800][3.247s][info][gc,phases   ] GC(4)   Pre Evacuate Collection Set: 0.0ms
[2026-10-07T19:15:19.167+0800][3.247s][info][gc,phases   ] GC(4)   Merge Heap Roots: 0.0ms
[2026-10-07T19:15:19.167+0800][3.247s][info][gc,phases   ] GC(4)   Evacuate Collection Set: 2.6ms
[2026-10-07T19:15:19.167+0800][3.247s][info][gc,phases   ] GC(4)   Post Evacuate Collection Set: 0.2ms
[2026-10-07T19:15:19.167+0800][3.247s][info][gc,phases   ] GC(4)   Other: 0.1ms
[2026-10-07T19:15:19.167+0800][3.247s][info][gc,heap     ] GC(4) Eden regions: 5->0(148)
[2026-10-07T19:15:19.167+0800][3.247s][info][gc,heap     ] GC(4) Survivor regions: 5->5(20)
[2026-10-07T19:15:19.167+0800][3.247s][info][gc,heap     ] GC(4) Old regions: 18->18
[2026-10-07T19:15:19.167+0800][3.247s][info][gc,heap     ] GC(4) Archive regions: 2->2
[2026-10-07T19:15:19.167+0800][3.247s][info][gc,heap     ] GC(4) Humongous regions: 0->0
[2026-10-07T19:15:19.167+0800][3.247s][info][gc,metaspace] GC(4) Metaspace: 21254K(21504K)->21254K(21504K) NonClass: 18806K(18944K)->18806K(18944K) Class: 2447K(2560K)->2447K(2560K)
[2026-10-07T19:15:19.167+0800][3.247s][info][gc          ] GC(4) Pause Young (Concurrent Start) (Metadata GC Threshold) 28M->22M(256M) 2.999ms
[2026-10-07T19:15:19.167+0800][3.247s][info][gc,cpu      ] GC(4) User=0.01s Sys=0.00s Real=0.00s
[2026-10-07T19:15:19.167+0800][3.248s][info][gc          ] GC(5) Concurrent Mark Cycle
[2026-10-07T19:15:19.167+0800][3.248s][info][gc,marking  ] GC(5) Concurrent Clear Claimed Marks
[2026-10-07T19:15:19.167+0800][3.248s][info][safepoint   ] Safepoint "CollectForMetadataAllocation", Time since last: 36587208 ns, Reaching safepoint: 79833 ns, At safepoint: 3173500 ns, Total: 3253333 ns
[2026-10-07T19:15:19.167+0800][3.248s][info][gc,marking  ] GC(5) Concurrent Clear Claimed Marks 0.055ms
[2026-10-07T19:15:19.167+0800][3.248s][info][gc,marking  ] GC(5) Concurrent Scan Root Regions
[2026-10-07T19:15:19.170+0800][3.250s][info][gc,marking  ] GC(5) Concurrent Scan Root Regions 2.247ms
[2026-10-07T19:15:19.170+0800][3.250s][info][gc,marking  ] GC(5) Concurrent Mark
[2026-10-07T19:15:19.170+0800][3.250s][info][gc,marking  ] GC(5) Concurrent Mark From Roots
[2026-10-07T19:15:19.170+0800][3.250s][info][gc,task     ] GC(5) Using 2 workers of 2 for marking
[2026-10-07T19:15:19.183+0800][3.263s][info][gc,marking  ] GC(5) Concurrent Mark From Roots 13.299ms
[2026-10-07T19:15:19.183+0800][3.263s][info][gc,marking  ] GC(5) Concurrent Preclean
[2026-10-07T19:15:19.183+0800][3.263s][info][gc,marking  ] GC(5) Concurrent Preclean 0.085ms
[2026-10-07T19:15:19.183+0800][3.264s][info][gc,start    ] GC(5) Pause Remark
[2026-10-07T19:15:19.185+0800][3.265s][info][gc          ] GC(5) Pause Remark 23M->23M(87M) 1.631ms
[2026-10-07T19:15:19.185+0800][3.265s][info][gc,cpu      ] GC(5) User=0.00s Sys=0.01s Real=0.00s
[2026-10-07T19:15:19.185+0800][3.265s][info][safepoint   ] Safepoint "G1Concurrent", Time since last: 15838167 ns, Reaching safepoint: 52917 ns, At safepoint: 1714416 ns, Total: 1767333 ns
[2026-10-07T19:15:19.185+0800][3.265s][info][gc,marking  ] GC(5) Concurrent Mark 15.279ms
[2026-10-07T19:15:19.185+0800][3.265s][info][gc,marking  ] GC(5) Concurrent Rebuild Remembered Sets
[2026-10-07T19:15:19.190+0800][3.271s][info][gc,marking  ] GC(5) Concurrent Rebuild Remembered Sets 5.525ms
[2026-10-07T19:15:19.191+0800][3.271s][info][gc,start    ] GC(5) Pause Cleanup
[2026-10-07T19:15:19.191+0800][3.271s][info][gc          ] GC(5) Pause Cleanup 23M->23M(87M) 0.041ms
[2026-10-07T19:15:19.191+0800][3.271s][info][gc,cpu      ] GC(5) User=0.00s Sys=0.00s Real=0.00s
[2026-10-07T19:15:19.191+0800][3.271s][info][safepoint   ] Safepoint "G1Concurrent", Time since last: 5619375 ns, Reaching safepoint: 21959 ns, At safepoint: 59541 ns, Total: 81500 ns
[2026-10-07T19:15:19.191+0800][3.271s][info][gc,marking  ] GC(5) Concurrent Cleanup for Next Mark
[2026-10-07T19:15:19.191+0800][3.271s][info][gc,marking  ] GC(5) Concurrent Cleanup for Next Mark 0.070ms
[2026-10-07T19:15:19.191+0800][3.271s][info][gc          ] GC(5) Concurrent Mark Cycle 23.456ms
[2026-10-07T19:15:20.273+0800][4.353s][info][gc,heap,exit] Heap
[2026-10-07T19:15:20.273+0800][4.353s][info][gc,heap,exit]  garbage-first heap   total 89088K, used 28346K [0x00000007f0000000, 0x0000000800000000)
[2026-10-07T19:15:20.273+0800][4.353s][info][gc,heap,exit]   region size 1024K, 10 young (10240K), 5 survivors (5120K)
[2026-10-07T19:15:20.273+0800][4.353s][info][gc,heap,exit]  Metaspace       used 21610K, committed 21952K, reserved 1114112K
[2026-10-07T19:15:20.273+0800][4.353s][info][gc,heap,exit]   class space    used 2484K, committed 2624K, reserved 1048576K
