Compiled test output: /var/folders/1w/qvtt2cgd6tx32b8_wkxt08hr0000gn/T//hify-structure-contract.TQ1bTY

Test run finished after 1968 ms
[         3 containers found      ]
[         0 containers skipped    ]
[         3 containers started    ]
[         0 containers aborted    ]
[         3 containers successful ]
[         0 containers failed     ]
[        22 tests found           ]
[         0 tests skipped         ]
[        22 tests started         ]
[         0 tests aborted         ]
[        21 tests successful      ]
[         1 tests failed          ]


Failures (1):
  JUnit Jupiter:ModuleStructureContractTest:newSplitSubpackageFailsEvenInsideAllowedRoots()
    MethodSource [className = 'com.hify.api.ModuleStructureContractTest', methodName = 'newSplitSubpackageFailsEvenInsideAllowedRoots', methodParameterTypes = '']
    => java.lang.AssertionError: 
Expecting code to raise a throwable.
       com.hify.api.ModuleStructureContractTest.rejects(ModuleStructureContractTest.java:123)
       com.hify.api.ModuleStructureContractTest.newSplitSubpackageFailsEvenInsideAllowedRoots(ModuleStructureContractTest.java:67)
       java.base/java.lang.reflect.Method.invoke(Method.java:568)
       java.base/java.util.ArrayList.forEach(ArrayList.java:1511)
       java.base/java.util.ArrayList.forEach(ArrayList.java:1511)
Exception in thread "main" java.lang.AssertionError: Structure contract requires exactly 22 successful tests, no skips/abort/failure
	at StructureTestLauncher.main(StructureTestLauncher.java:21)
