Compiled test output: /var/folders/1w/qvtt2cgd6tx32b8_wkxt08hr0000gn/T//hify-structure-contract.H7t0aA

Test run finished after 1404 ms
[         3 containers found      ]
[         0 containers skipped    ]
[         3 containers started    ]
[         0 containers aborted    ]
[         3 containers successful ]
[         0 containers failed     ]
[        22 tests found           ]
[         0 tests skipped         ]
[        22 tests started         ]
[         0 tests aborted         ]
[        18 tests successful      ]
[         4 tests failed          ]


Failures (4):
  JUnit Jupiter:ModuleStructureContractTest:requiredPortMustStayInItsExactFile()
    MethodSource [className = 'com.hify.api.ModuleStructureContractTest', methodName = 'requiredPortMustStayInItsExactFile', methodParameterTypes = '']
    => java.lang.AssertionError: 
Expecting code to raise a throwable.
       com.hify.api.ModuleStructureContractTest.rejects(ModuleStructureContractTest.java:123)
       com.hify.api.ModuleStructureContractTest.requiredPortMustStayInItsExactFile(ModuleStructureContractTest.java:85)
       java.base/java.lang.reflect.Method.invoke(Method.java:568)
       java.base/java.util.ArrayList.forEach(ArrayList.java:1511)
       java.base/java.util.ArrayList.forEach(ArrayList.java:1511)
  JUnit Jupiter:ModuleStructureContractTest:concreteClassDoesNotReplaceRequiredInterface()
    MethodSource [className = 'com.hify.api.ModuleStructureContractTest', methodName = 'concreteClassDoesNotReplaceRequiredInterface', methodParameterTypes = '']
    => java.lang.AssertionError: 
Expecting code to raise a throwable.
       com.hify.api.ModuleStructureContractTest.rejects(ModuleStructureContractTest.java:123)
       com.hify.api.ModuleStructureContractTest.concreteClassDoesNotReplaceRequiredInterface(ModuleStructureContractTest.java:53)
       java.base/java.lang.reflect.Method.invoke(Method.java:568)
       java.base/java.util.ArrayList.forEach(ArrayList.java:1511)
       java.base/java.util.ArrayList.forEach(ArrayList.java:1511)
  JUnit Jupiter:ModuleStructureContractTest:missingPortIsRejected()
    MethodSource [className = 'com.hify.api.ModuleStructureContractTest', methodName = 'missingPortIsRejected', methodParameterTypes = '']
    => java.lang.AssertionError: 
Expecting code to raise a throwable.
       com.hify.api.ModuleStructureContractTest.rejects(ModuleStructureContractTest.java:123)
       com.hify.api.ModuleStructureContractTest.missingPortIsRejected(ModuleStructureContractTest.java:49)
       java.base/java.lang.reflect.Method.invoke(Method.java:568)
       java.base/java.util.ArrayList.forEach(ArrayList.java:1511)
       java.base/java.util.ArrayList.forEach(ArrayList.java:1511)
  JUnit Jupiter:ModuleStructureContractTest:commentedDeclarationCannotSpoofPort()
    MethodSource [className = 'com.hify.api.ModuleStructureContractTest', methodName = 'commentedDeclarationCannotSpoofPort', methodParameterTypes = '']
    => java.lang.AssertionError: 
Expecting code to raise a throwable.
       com.hify.api.ModuleStructureContractTest.rejects(ModuleStructureContractTest.java:123)
       com.hify.api.ModuleStructureContractTest.commentedDeclarationCannotSpoofPort(ModuleStructureContractTest.java:94)
       java.base/java.lang.reflect.Method.invoke(Method.java:568)
       java.base/java.util.ArrayList.forEach(ArrayList.java:1511)
       java.base/java.util.ArrayList.forEach(ArrayList.java:1511)
Exception in thread "main" java.lang.AssertionError: Structure contract requires exactly 22 successful tests, no skips/abort/failure
	at StructureTestLauncher.main(StructureTestLauncher.java:21)
