Compiled test output: /var/folders/1w/qvtt2cgd6tx32b8_wkxt08hr0000gn/T//hify-structure-contract.1NaavF

Test run finished after 1826 ms
[         3 containers found      ]
[         0 containers skipped    ]
[         3 containers started    ]
[         0 containers aborted    ]
[         3 containers successful ]
[         0 containers failed     ]
[        22 tests found           ]
[         0 tests skipped         ]
[        22 tests started         ]
[         0 tests aborted         ]
[        18 tests successful      ]
[         4 tests failed          ]


Failures (4):
  JUnit Jupiter:ModuleStructureContractTest:wrongDeclarationCannotHideBehindExpectedFilename()
    MethodSource [className = 'com.hify.api.ModuleStructureContractTest', methodName = 'wrongDeclarationCannotHideBehindExpectedFilename', methodParameterTypes = '']
    => java.lang.AssertionError: 
Expecting code to raise a throwable.
       com.hify.api.ModuleStructureContractTest.rejects(ModuleStructureContractTest.java:123)
       com.hify.api.ModuleStructureContractTest.wrongDeclarationCannotHideBehindExpectedFilename(ModuleStructureContractTest.java:40)
       java.base/java.lang.reflect.Method.invoke(Method.java:568)
       java.base/java.util.ArrayList.forEach(ArrayList.java:1511)
       java.base/java.util.ArrayList.forEach(ArrayList.java:1511)
  JUnit Jupiter:ModuleStructureContractTest:missingMarkerCannotBeReplacedByAnEmptyDirectory()
    MethodSource [className = 'com.hify.api.ModuleStructureContractTest', methodName = 'missingMarkerCannotBeReplacedByAnEmptyDirectory', methodParameterTypes = '']
    => java.lang.AssertionError: 
Expecting code to raise a throwable.
       com.hify.api.ModuleStructureContractTest.rejects(ModuleStructureContractTest.java:123)
       com.hify.api.ModuleStructureContractTest.missingMarkerCannotBeReplacedByAnEmptyDirectory(ModuleStructureContractTest.java:35)
       java.base/java.lang.reflect.Method.invoke(Method.java:568)
       java.base/java.util.ArrayList.forEach(ArrayList.java:1511)
       java.base/java.util.ArrayList.forEach(ArrayList.java:1511)
  JUnit Jupiter:ModuleStructureContractTest:nonFinalMarkerFails()
    MethodSource [className = 'com.hify.api.ModuleStructureContractTest', methodName = 'nonFinalMarkerFails', methodParameterTypes = '']
    => java.lang.AssertionError: 
Expecting code to raise a throwable.
       com.hify.api.ModuleStructureContractTest.rejects(ModuleStructureContractTest.java:123)
       com.hify.api.ModuleStructureContractTest.nonFinalMarkerFails(ModuleStructureContractTest.java:80)
       java.base/java.lang.reflect.Method.invoke(Method.java:568)
       java.base/java.util.ArrayList.forEach(ArrayList.java:1511)
       java.base/java.util.ArrayList.forEach(ArrayList.java:1511)
  JUnit Jupiter:ModuleStructureContractTest:nonPublicMarkerFails()
    MethodSource [className = 'com.hify.api.ModuleStructureContractTest', methodName = 'nonPublicMarkerFails', methodParameterTypes = '']
    => java.lang.AssertionError: 
Expecting code to raise a throwable.
       com.hify.api.ModuleStructureContractTest.rejects(ModuleStructureContractTest.java:123)
       com.hify.api.ModuleStructureContractTest.nonPublicMarkerFails(ModuleStructureContractTest.java:76)
       java.base/java.lang.reflect.Method.invoke(Method.java:568)
       java.base/java.util.ArrayList.forEach(ArrayList.java:1511)
       java.base/java.util.ArrayList.forEach(ArrayList.java:1511)
Exception in thread "main" java.lang.AssertionError: Structure contract requires exactly 22 successful tests, no skips/abort/failure
	at StructureTestLauncher.main(StructureTestLauncher.java:21)
