[2026-10-07T19:12:10.873+0800][0.006s][info][gc] Using G1
[2026-10-07T19:12:10.873+0800][0.006s][info][gc,init] Version: 17.0.19+9-LTS-183 (release)
[2026-10-07T19:12:10.873+0800][0.006s][info][gc,init] CPUs: 10 total, 10 available
[2026-10-07T19:12:10.873+0800][0.006s][info][gc,init] Memory: 16384M
[2026-10-07T19:12:10.873+0800][0.006s][info][gc,init] Large Page Support: Disabled
[2026-10-07T19:12:10.873+0800][0.006s][info][gc,init] NUMA Support: Disabled
[2026-10-07T19:12:10.873+0800][0.006s][info][gc,init] Compressed Oops: Enabled (Zero based)
[2026-10-07T19:12:10.873+0800][0.006s][info][gc,init] Heap Region Size: 1M
[2026-10-07T19:12:10.873+0800][0.006s][info][gc,init] Heap Min Capacity: 8M
[2026-10-07T19:12:10.873+0800][0.006s][info][gc,init] Heap Initial Capacity: 256M
[2026-10-07T19:12:10.873+0800][0.006s][info][gc,init] Heap Max Capacity: 256M
[2026-10-07T19:12:10.873+0800][0.006s][info][gc,init] Pre-touch: Disabled
[2026-10-07T19:12:10.873+0800][0.006s][info][gc,init] Parallel Workers: 9
[2026-10-07T19:12:10.873+0800][0.006s][info][gc,init] Concurrent Workers: 2
[2026-10-07T19:12:10.873+0800][0.006s][info][gc,init] Concurrent Refinement Workers: 9
[2026-10-07T19:12:10.873+0800][0.006s][info][gc,init] Periodic GC: Disabled
[2026-10-07T19:12:10.873+0800][0.006s][info][gc,metaspace] CDS archive(s) mapped at: [0x0000000800000000-0x0000000800be8000-0x0000000800be8000), size 12484608, SharedBaseAddress: 0x0000000800000000, ArchiveRelocationMode: 1.
[2026-10-07T19:12:10.873+0800][0.006s][info][gc,metaspace] Compressed class space mapped at: 0x0000000801000000-0x0000000841000000, reserved size: 1073741824
[2026-10-07T19:12:10.873+0800][0.006s][info][gc,metaspace] Narrow klass base: 0x0000000800000000, Narrow klass shift: 0, Narrow klass range: 0x100000000
[2026-10-07T19:12:11.890+0800][1.023s][info][safepoint   ] Safepoint "Cleanup", Time since last: 1014433917 ns, Reaching safepoint: 72333 ns, At safepoint: 18750 ns, Total: 91083 ns
[2026-10-07T19:12:12.100+0800][1.233s][info][gc,start    ] GC(0) Pause Young (Normal) (G1 Evacuation Pause)
[2026-10-07T19:12:12.100+0800][1.233s][info][gc,task     ] GC(0) Using 6 workers of 9 for evacuation
[2026-10-07T19:12:12.102+0800][1.235s][info][gc,phases   ] GC(0)   Pre Evacuate Collection Set: 0.1ms
[2026-10-07T19:12:12.102+0800][1.235s][info][gc,phases   ] GC(0)   Merge Heap Roots: 0.2ms
[2026-10-07T19:12:12.102+0800][1.235s][info][gc,phases   ] GC(0)   Evacuate Collection Set: 1.4ms
[2026-10-07T19:12:12.102+0800][1.235s][info][gc,phases   ] GC(0)   Post Evacuate Collection Set: 0.2ms
[2026-10-07T19:12:12.102+0800][1.235s][info][gc,phases   ] GC(0)   Other: 0.2ms
[2026-10-07T19:12:12.102+0800][1.235s][info][gc,heap     ] GC(0) Eden regions: 23->0(41)
[2026-10-07T19:12:12.102+0800][1.235s][info][gc,heap     ] GC(0) Survivor regions: 0->3(3)
[2026-10-07T19:12:12.102+0800][1.235s][info][gc,heap     ] GC(0) Old regions: 0->1
[2026-10-07T19:12:12.102+0800][1.235s][info][gc,heap     ] GC(0) Archive regions: 2->2
[2026-10-07T19:12:12.102+0800][1.235s][info][gc,heap     ] GC(0) Humongous regions: 0->0
[2026-10-07T19:12:12.102+0800][1.235s][info][gc,metaspace] GC(0) Metaspace: 5422K(5632K)->5422K(5632K) NonClass: 4750K(4864K)->4750K(4864K) Class: 671K(768K)->671K(768K)
[2026-10-07T19:12:12.102+0800][1.235s][info][gc          ] GC(0) Pause Young (Normal) (G1 Evacuation Pause) 23M->4M(256M) 2.084ms
[2026-10-07T19:12:12.102+0800][1.235s][info][gc,cpu      ] GC(0) User=0.01s Sys=0.00s Real=0.00s
[2026-10-07T19:12:12.102+0800][1.235s][info][safepoint   ] Safepoint "G1CollectForAllocation", Time since last: 210340417 ns, Reaching safepoint: 60291 ns, At safepoint: 2142000 ns, Total: 2202291 ns
[2026-10-07T19:12:12.312+0800][1.445s][info][safepoint   ] Safepoint "ICBufferFull", Time since last: 209300292 ns, Reaching safepoint: 172458 ns, At safepoint: 5125 ns, Total: 177583 ns
[2026-10-07T19:12:12.388+0800][1.521s][info][safepoint   ] Safepoint "ICBufferFull", Time since last: 76045000 ns, Reaching safepoint: 74417 ns, At safepoint: 458 ns, Total: 74875 ns
[2026-10-07T19:12:12.438+0800][1.571s][info][safepoint   ] Safepoint "ICBufferFull", Time since last: 50119209 ns, Reaching safepoint: 72125 ns, At safepoint: 9083 ns, Total: 81208 ns
[2026-10-07T19:12:12.446+0800][1.579s][info][gc,start    ] GC(1) Pause Young (Normal) (G1 Evacuation Pause)
[2026-10-07T19:12:12.446+0800][1.579s][info][gc,task     ] GC(1) Using 6 workers of 9 for evacuation
[2026-10-07T19:12:12.449+0800][1.582s][info][gc,phases   ] GC(1)   Pre Evacuate Collection Set: 0.1ms
[2026-10-07T19:12:12.449+0800][1.582s][info][gc,phases   ] GC(1)   Merge Heap Roots: 0.0ms
[2026-10-07T19:12:12.449+0800][1.582s][info][gc,phases   ] GC(1)   Evacuate Collection Set: 2.2ms
[2026-10-07T19:12:12.449+0800][1.582s][info][gc,phases   ] GC(1)   Post Evacuate Collection Set: 0.3ms
[2026-10-07T19:12:12.449+0800][1.582s][info][gc,phases   ] GC(1)   Other: 0.1ms
[2026-10-07T19:12:12.449+0800][1.582s][info][gc,heap     ] GC(1) Eden regions: 41->0(148)
[2026-10-07T19:12:12.449+0800][1.582s][info][gc,heap     ] GC(1) Survivor regions: 3->5(6)
[2026-10-07T19:12:12.449+0800][1.582s][info][gc,heap     ] GC(1) Old regions: 1->1
[2026-10-07T19:12:12.449+0800][1.582s][info][gc,heap     ] GC(1) Archive regions: 2->2
[2026-10-07T19:12:12.449+0800][1.582s][info][gc,heap     ] GC(1) Humongous regions: 0->0
[2026-10-07T19:12:12.449+0800][1.582s][info][gc,metaspace] GC(1) Metaspace: 10426K(10624K)->10426K(10624K) NonClass: 9107K(9216K)->9107K(9216K) Class: 1318K(1408K)->1318K(1408K)
[2026-10-07T19:12:12.449+0800][1.582s][info][gc          ] GC(1) Pause Young (Normal) (G1 Evacuation Pause) 45M->6M(256M) 2.743ms
[2026-10-07T19:12:12.449+0800][1.582s][info][gc,cpu      ] GC(1) User=0.01s Sys=0.00s Real=0.00s
[2026-10-07T19:12:12.449+0800][1.582s][info][safepoint   ] Safepoint "G1CollectForAllocation", Time since last: 8130333 ns, Reaching safepoint: 24042 ns, At safepoint: 2768875 ns, Total: 2792917 ns
[2026-10-07T19:12:12.536+0800][1.669s][info][safepoint   ] Safepoint "ICBufferFull", Time since last: 86466375 ns, Reaching safepoint: 140458 ns, At safepoint: 6417 ns, Total: 146875 ns
[2026-10-07T19:12:12.625+0800][1.758s][info][safepoint   ] Safepoint "ICBufferFull", Time since last: 89638042 ns, Reaching safepoint: 164583 ns, At safepoint: 9250 ns, Total: 173833 ns
[2026-10-07T19:12:12.709+0800][1.842s][info][safepoint   ] Safepoint "ICBufferFull", Time since last: 83699875 ns, Reaching safepoint: 230500 ns, At safepoint: 46000 ns, Total: 276500 ns
[2026-10-07T19:12:12.857+0800][1.990s][info][safepoint   ] Safepoint "ICBufferFull", Time since last: 147000125 ns, Reaching safepoint: 315625 ns, At safepoint: 46875 ns, Total: 362500 ns
[2026-10-07T19:12:12.892+0800][2.025s][info][safepoint   ] Safepoint "ICBufferFull", Time since last: 35253917 ns, Reaching safepoint: 83750 ns, At safepoint: 58916 ns, Total: 142666 ns
[2026-10-07T19:12:12.993+0800][2.126s][info][safepoint   ] Safepoint "ICBufferFull", Time since last: 101062625 ns, Reaching safepoint: 94917 ns, At safepoint: 1458 ns, Total: 96375 ns
[2026-10-07T19:12:13.138+0800][2.271s][info][safepoint   ] Safepoint "ICBufferFull", Time since last: 144713625 ns, Reaching safepoint: 176000 ns, At safepoint: 10000 ns, Total: 186000 ns
[2026-10-07T19:12:13.215+0800][2.348s][info][safepoint   ] Safepoint "ICBufferFull", Time since last: 76068459 ns, Reaching safepoint: 697833 ns, At safepoint: 267458 ns, Total: 965291 ns
[2026-10-07T19:12:13.420+0800][2.553s][info][safepoint   ] Safepoint "ICBufferFull", Time since last: 204357334 ns, Reaching safepoint: 53458 ns, At safepoint: 4042 ns, Total: 57500 ns
[2026-10-07T19:12:13.570+0800][2.703s][info][safepoint   ] Safepoint "ICBufferFull", Time since last: 150582833 ns, Reaching safepoint: 165583 ns, At safepoint: 8500 ns, Total: 174083 ns
[2026-10-07T19:12:13.607+0800][2.740s][info][safepoint   ] Safepoint "ICBufferFull", Time since last: 36058667 ns, Reaching safepoint: 114167 ns, At safepoint: 6875 ns, Total: 121042 ns
[2026-10-07T19:12:13.641+0800][2.774s][info][safepoint   ] Safepoint "ICBufferFull", Time since last: 34570250 ns, Reaching safepoint: 170125 ns, At safepoint: 6375 ns, Total: 176500 ns
[2026-10-07T19:12:13.674+0800][2.807s][info][safepoint   ] Safepoint "ICBufferFull", Time since last: 32623291 ns, Reaching safepoint: 55125 ns, At safepoint: 3292 ns, Total: 58417 ns
[2026-10-07T19:12:13.739+0800][2.872s][info][gc,start    ] GC(2) Pause Young (Normal) (G1 Evacuation Pause)
[2026-10-07T19:12:13.739+0800][2.872s][info][gc,task     ] GC(2) Using 6 workers of 9 for evacuation
[2026-10-07T19:12:13.768+0800][2.901s][info][gc,phases   ] GC(2)   Pre Evacuate Collection Set: 0.1ms
[2026-10-07T19:12:13.768+0800][2.901s][info][gc,phases   ] GC(2)   Merge Heap Roots: 0.2ms
[2026-10-07T19:12:13.768+0800][2.901s][info][gc,phases   ] GC(2)   Evacuate Collection Set: 28.2ms
[2026-10-07T19:12:13.768+0800][2.901s][info][gc,phases   ] GC(2)   Post Evacuate Collection Set: 1.0ms
[2026-10-07T19:12:13.768+0800][2.901s][info][gc,phases   ] GC(2)   Other: 0.2ms
[2026-10-07T19:12:13.768+0800][2.901s][info][gc,heap     ] GC(2) Eden regions: 148->0(135)
[2026-10-07T19:12:13.768+0800][2.901s][info][gc,heap     ] GC(2) Survivor regions: 5->18(20)
[2026-10-07T19:12:13.768+0800][2.901s][info][gc,heap     ] GC(2) Old regions: 1->1
[2026-10-07T19:12:13.768+0800][2.901s][info][gc,heap     ] GC(2) Archive regions: 2->2
[2026-10-07T19:12:13.768+0800][2.901s][info][gc,heap     ] GC(2) Humongous regions: 0->0
[2026-10-07T19:12:13.768+0800][2.901s][info][gc,metaspace] GC(2) Metaspace: 16840K(17152K)->16840K(17152K) NonClass: 14828K(14976K)->14828K(14976K) Class: 2012K(2176K)->2012K(2176K)
[2026-10-07T19:12:13.768+0800][2.901s][info][gc          ] GC(2) Pause Young (Normal) (G1 Evacuation Pause) 154M->18M(256M) 29.755ms
[2026-10-07T19:12:13.768+0800][2.901s][info][gc,cpu      ] GC(2) User=0.03s Sys=0.05s Real=0.03s
[2026-10-07T19:12:13.768+0800][2.901s][info][safepoint   ] Safepoint "G1CollectForAllocation", Time since last: 64390292 ns, Reaching safepoint: 79375 ns, At safepoint: 29865083 ns, Total: 29944458 ns
[2026-10-07T19:12:13.808+0800][2.941s][info][safepoint   ] Safepoint "ICBufferFull", Time since last: 39579167 ns, Reaching safepoint: 56791 ns, At safepoint: 542 ns, Total: 57333 ns
[2026-10-07T19:12:14.089+0800][3.222s][info][safepoint   ] Safepoint "ICBufferFull", Time since last: 280822750 ns, Reaching safepoint: 218083 ns, At safepoint: 6084 ns, Total: 224167 ns
[2026-10-07T19:12:14.187+0800][3.320s][info][safepoint   ] Safepoint "ICBufferFull", Time since last: 97331291 ns, Reaching safepoint: 422875 ns, At safepoint: 1917 ns, Total: 424792 ns
[2026-10-07T19:12:14.267+0800][3.400s][info][safepoint   ] Safepoint "ICBufferFull", Time since last: 80154042 ns, Reaching safepoint: 166541 ns, At safepoint: 8084 ns, Total: 174625 ns
[2026-10-07T19:12:14.309+0800][3.442s][info][safepoint   ] Safepoint "ICBufferFull", Time since last: 41919833 ns, Reaching safepoint: 81292 ns, At safepoint: 12458 ns, Total: 93750 ns
[2026-10-07T19:12:14.392+0800][3.525s][info][safepoint   ] Safepoint "ICBufferFull", Time since last: 82339417 ns, Reaching safepoint: 197833 ns, At safepoint: 43542 ns, Total: 241375 ns
[2026-10-07T19:12:14.640+0800][3.773s][info][safepoint   ] Safepoint "ICBufferFull", Time since last: 247194916 ns, Reaching safepoint: 471417 ns, At safepoint: 360583 ns, Total: 832000 ns
[2026-10-07T19:12:14.870+0800][4.003s][info][safepoint   ] Safepoint "ICBufferFull", Time since last: 229171875 ns, Reaching safepoint: 1056125 ns, At safepoint: 8834 ns, Total: 1064959 ns
[2026-10-07T19:12:15.127+0800][4.260s][info][safepoint   ] Safepoint "ICBufferFull", Time since last: 256950666 ns, Reaching safepoint: 85917 ns, At safepoint: 958 ns, Total: 86875 ns
[2026-10-07T19:12:15.207+0800][4.340s][info][safepoint   ] Safepoint "ICBufferFull", Time since last: 79393667 ns, Reaching safepoint: 174083 ns, At safepoint: 11334 ns, Total: 185417 ns
[2026-10-07T19:12:15.208+0800][4.341s][info][gc,start    ] GC(3) Pause Young (Normal) (G1 Evacuation Pause)
[2026-10-07T19:12:15.208+0800][4.341s][info][gc,task     ] GC(3) Using 6 workers of 9 for evacuation
[2026-10-07T19:12:15.234+0800][4.367s][info][gc,phases   ] GC(3)   Pre Evacuate Collection Set: 0.0ms
[2026-10-07T19:12:15.234+0800][4.367s][info][gc,phases   ] GC(3)   Merge Heap Roots: 0.1ms
[2026-10-07T19:12:15.234+0800][4.367s][info][gc,phases   ] GC(3)   Evacuate Collection Set: 25.1ms
[2026-10-07T19:12:15.234+0800][4.367s][info][gc,phases   ] GC(3)   Post Evacuate Collection Set: 0.8ms
[2026-10-07T19:12:15.234+0800][4.367s][info][gc,phases   ] GC(3)   Other: 0.1ms
[2026-10-07T19:12:15.234+0800][4.367s][info][gc,heap     ] GC(3) Eden regions: 135->0(148)
[2026-10-07T19:12:15.234+0800][4.367s][info][gc,heap     ] GC(3) Survivor regions: 18->5(20)
[2026-10-07T19:12:15.234+0800][4.367s][info][gc,heap     ] GC(3) Old regions: 1->18
[2026-10-07T19:12:15.234+0800][4.367s][info][gc,heap     ] GC(3) Archive regions: 2->2
[2026-10-07T19:12:15.234+0800][4.367s][info][gc,heap     ] GC(3) Humongous regions: 32->0
[2026-10-07T19:12:15.234+0800][4.367s][info][gc,metaspace] GC(3) Metaspace: 20812K(21120K)->20812K(21120K) NonClass: 18435K(18624K)->18435K(18624K) Class: 2376K(2496K)->2376K(2496K)
[2026-10-07T19:12:15.234+0800][4.367s][info][gc          ] GC(3) Pause Young (Normal) (G1 Evacuation Pause) 185M->23M(256M) 26.185ms
[2026-10-07T19:12:15.234+0800][4.367s][info][gc,cpu      ] GC(3) User=0.04s Sys=0.03s Real=0.03s
[2026-10-07T19:12:15.234+0800][4.367s][info][safepoint   ] Safepoint "G1CollectForAllocation", Time since last: 1102208 ns, Reaching safepoint: 139875 ns, At safepoint: 26297583 ns, Total: 26437458 ns
[2026-10-07T19:12:15.301+0800][4.434s][info][gc,start    ] GC(4) Pause Young (Concurrent Start) (Metadata GC Threshold)
[2026-10-07T19:12:15.301+0800][4.434s][info][gc,task     ] GC(4) Using 6 workers of 9 for evacuation
[2026-10-07T19:12:15.304+0800][4.437s][info][gc,phases   ] GC(4)   Pre Evacuate Collection Set: 0.1ms
[2026-10-07T19:12:15.304+0800][4.437s][info][gc,phases   ] GC(4)   Merge Heap Roots: 0.0ms
[2026-10-07T19:12:15.304+0800][4.437s][info][gc,phases   ] GC(4)   Evacuate Collection Set: 2.3ms
[2026-10-07T19:12:15.304+0800][4.437s][info][gc,phases   ] GC(4)   Post Evacuate Collection Set: 0.6ms
[2026-10-07T19:12:15.304+0800][4.437s][info][gc,phases   ] GC(4)   Other: 0.2ms
[2026-10-07T19:12:15.304+0800][4.437s][info][gc,heap     ] GC(4) Eden regions: 6->0(148)
[2026-10-07T19:12:15.304+0800][4.437s][info][gc,heap     ] GC(4) Survivor regions: 5->5(20)
[2026-10-07T19:12:15.304+0800][4.437s][info][gc,heap     ] GC(4) Old regions: 18->18
[2026-10-07T19:12:15.304+0800][4.437s][info][gc,heap     ] GC(4) Archive regions: 2->2
[2026-10-07T19:12:15.304+0800][4.437s][info][gc,heap     ] GC(4) Humongous regions: 0->0
[2026-10-07T19:12:15.304+0800][4.437s][info][gc,metaspace] GC(4) Metaspace: 21247K(21504K)->21247K(21504K) NonClass: 18815K(18944K)->18815K(18944K) Class: 2432K(2560K)->2432K(2560K)
[2026-10-07T19:12:15.304+0800][4.437s][info][gc          ] GC(4) Pause Young (Concurrent Start) (Metadata GC Threshold) 28M->22M(256M) 3.309ms
[2026-10-07T19:12:15.304+0800][4.437s][info][gc,cpu      ] GC(4) User=0.01s Sys=0.01s Real=0.00s
[2026-10-07T19:12:15.304+0800][4.437s][info][gc          ] GC(5) Concurrent Mark Cycle
[2026-10-07T19:12:15.304+0800][4.437s][info][gc,marking  ] GC(5) Concurrent Clear Claimed Marks
[2026-10-07T19:12:15.304+0800][4.437s][info][safepoint   ] Safepoint "CollectForMetadataAllocation", Time since last: 66373375 ns, Reaching safepoint: 211334 ns, At safepoint: 3436375 ns, Total: 3647709 ns
[2026-10-07T19:12:15.304+0800][4.437s][info][gc,marking  ] GC(5) Concurrent Clear Claimed Marks 0.021ms
[2026-10-07T19:12:15.304+0800][4.437s][info][gc,marking  ] GC(5) Concurrent Scan Root Regions
[2026-10-07T19:12:15.308+0800][4.441s][info][gc,marking  ] GC(5) Concurrent Scan Root Regions 3.753ms
[2026-10-07T19:12:15.308+0800][4.441s][info][gc,marking  ] GC(5) Concurrent Mark
[2026-10-07T19:12:15.308+0800][4.441s][info][gc,marking  ] GC(5) Concurrent Mark From Roots
[2026-10-07T19:12:15.308+0800][4.441s][info][gc,task     ] GC(5) Using 2 workers of 2 for marking
[2026-10-07T19:12:15.321+0800][4.454s][info][gc,marking  ] GC(5) Concurrent Mark From Roots 13.011ms
[2026-10-07T19:12:15.321+0800][4.454s][info][gc,marking  ] GC(5) Concurrent Preclean
[2026-10-07T19:12:15.321+0800][4.454s][info][gc,marking  ] GC(5) Concurrent Preclean 0.097ms
[2026-10-07T19:12:15.321+0800][4.454s][info][gc,start    ] GC(5) Pause Remark
[2026-10-07T19:12:15.323+0800][4.456s][info][gc          ] GC(5) Pause Remark 24M->24M(90M) 1.981ms
[2026-10-07T19:12:15.323+0800][4.456s][info][gc,cpu      ] GC(5) User=0.01s Sys=0.00s Real=0.00s
[2026-10-07T19:12:15.323+0800][4.456s][info][safepoint   ] Safepoint "G1Concurrent", Time since last: 17025833 ns, Reaching safepoint: 47958 ns, At safepoint: 2087209 ns, Total: 2135167 ns
[2026-10-07T19:12:15.323+0800][4.456s][info][gc,marking  ] GC(5) Concurrent Mark 15.448ms
[2026-10-07T19:12:15.323+0800][4.456s][info][gc,marking  ] GC(5) Concurrent Rebuild Remembered Sets
[2026-10-07T19:12:15.329+0800][4.462s][info][gc,marking  ] GC(5) Concurrent Rebuild Remembered Sets 5.500ms
[2026-10-07T19:12:15.329+0800][4.462s][info][gc,start    ] GC(5) Pause Cleanup
[2026-10-07T19:12:15.329+0800][4.462s][info][gc          ] GC(5) Pause Cleanup 24M->24M(90M) 0.076ms
[2026-10-07T19:12:15.329+0800][4.462s][info][gc,cpu      ] GC(5) User=0.00s Sys=0.00s Real=0.00s
[2026-10-07T19:12:15.329+0800][4.462s][info][safepoint   ] Safepoint "G1Concurrent", Time since last: 5692041 ns, Reaching safepoint: 122792 ns, At safepoint: 117333 ns, Total: 240125 ns
[2026-10-07T19:12:15.329+0800][4.462s][info][gc,marking  ] GC(5) Concurrent Cleanup for Next Mark
[2026-10-07T19:12:15.329+0800][4.462s][info][gc,marking  ] GC(5) Concurrent Cleanup for Next Mark 0.145ms
[2026-10-07T19:12:15.329+0800][4.462s][info][gc          ] GC(5) Concurrent Mark Cycle 25.327ms
[2026-10-07T19:12:16.444+0800][5.577s][info][safepoint   ] Safepoint "Cleanup", Time since last: 1114495084 ns, Reaching safepoint: 138125 ns, At safepoint: 1666 ns, Total: 139791 ns
[2026-10-07T19:12:17.592+0800][6.725s][info][safepoint   ] Safepoint "Cleanup", Time since last: 1147721792 ns, Reaching safepoint: 117167 ns, At safepoint: 5208 ns, Total: 122375 ns
[2026-10-07T19:12:18.702+0800][7.835s][info][safepoint   ] Safepoint "Cleanup", Time since last: 1110193208 ns, Reaching safepoint: 165125 ns, At safepoint: 1625 ns, Total: 166750 ns
[2026-10-07T19:12:20.994+0800][10.127s][info][safepoint   ] Safepoint "Cleanup", Time since last: 2291591125 ns, Reaching safepoint: 158667 ns, At safepoint: 8875 ns, Total: 167542 ns
[2026-10-07T19:12:26.727+0800][15.860s][info][safepoint   ] Safepoint "Cleanup", Time since last: 5732162625 ns, Reaching safepoint: 791750 ns, At safepoint: 2708 ns, Total: 794458 ns
[2026-10-07T19:12:31.264+0800][20.397s][info][safepoint   ] Safepoint "Cleanup", Time since last: 4537039875 ns, Reaching safepoint: 254417 ns, At safepoint: 27292 ns, Total: 281709 ns
[2026-10-07T19:12:33.545+0800][22.678s][info][safepoint   ] Safepoint "Cleanup", Time since last: 2279167166 ns, Reaching safepoint: 1333792 ns, At safepoint: 272042 ns, Total: 1605834 ns
[2026-10-07T19:12:34.643+0800][23.777s][info][safepoint   ] Safepoint "Cleanup", Time since last: 1097025333 ns, Reaching safepoint: 1649792 ns, At safepoint: 52791 ns, Total: 1702583 ns
[2026-10-07T19:12:36.917+0800][26.050s][info][safepoint   ] Safepoint "Cleanup", Time since last: 2272955667 ns, Reaching safepoint: 605208 ns, At safepoint: 35042 ns, Total: 640250 ns
[2026-10-07T19:12:38.066+0800][27.199s][info][safepoint   ] Safepoint "Cleanup", Time since last: 1146614583 ns, Reaching safepoint: 2310917 ns, At safepoint: 1292 ns, Total: 2312209 ns
[2026-10-07T19:12:39.214+0800][28.348s][info][safepoint   ] Safepoint "Cleanup", Time since last: 1147831916 ns, Reaching safepoint: 535042 ns, At safepoint: 2042 ns, Total: 537084 ns
[2026-10-07T19:12:41.491+0800][30.625s][info][safepoint   ] Safepoint "Cleanup", Time since last: 2276327500 ns, Reaching safepoint: 364833 ns, At safepoint: 433333 ns, Total: 798166 ns
[2026-10-07T19:12:42.623+0800][31.756s][info][safepoint   ] Safepoint "Cleanup", Time since last: 1130986334 ns, Reaching safepoint: 346833 ns, At safepoint: 6083 ns, Total: 352916 ns
[2026-10-07T19:12:44.914+0800][34.047s][info][safepoint   ] Safepoint "Cleanup", Time since last: 2290637750 ns, Reaching safepoint: 182250 ns, At safepoint: 1542 ns, Total: 183792 ns
[2026-10-07T19:12:46.044+0800][35.177s][info][safepoint   ] Safepoint "Cleanup", Time since last: 1129833458 ns, Reaching safepoint: 140875 ns, At safepoint: 5917 ns, Total: 146792 ns
[2026-10-07T19:12:47.177+0800][36.310s][info][safepoint   ] Safepoint "Cleanup", Time since last: 1132645083 ns, Reaching safepoint: 513709 ns, At safepoint: 49375 ns, Total: 563084 ns
[2026-10-07T19:12:49.294+0800][38.427s][info][gc,heap,exit] Heap
[2026-10-07T19:12:49.294+0800][38.427s][info][gc,heap,exit]  garbage-first heap   total 92160K, used 41512K [0x00000007f0000000, 0x0000000800000000)
[2026-10-07T19:12:49.294+0800][38.427s][info][gc,heap,exit]   region size 1024K, 23 young (23552K), 5 survivors (5120K)
[2026-10-07T19:12:49.294+0800][38.427s][info][gc,heap,exit]  Metaspace       used 21749K, committed 22080K, reserved 1114112K
[2026-10-07T19:12:49.294+0800][38.427s][info][gc,heap,exit]   class space    used 2486K, committed 2688K, reserved 1048576K
