[2026-10-07T19:18:18.133+0800][0.004s][info][gc] Using G1
[2026-10-07T19:18:18.134+0800][0.005s][info][gc,init] Version: 17.0.19+9-LTS-183 (release)
[2026-10-07T19:18:18.134+0800][0.005s][info][gc,init] CPUs: 10 total, 10 available
[2026-10-07T19:18:18.134+0800][0.005s][info][gc,init] Memory: 16384M
[2026-10-07T19:18:18.134+0800][0.005s][info][gc,init] Large Page Support: Disabled
[2026-10-07T19:18:18.134+0800][0.005s][info][gc,init] NUMA Support: Disabled
[2026-10-07T19:18:18.134+0800][0.005s][info][gc,init] Compressed Oops: Enabled (Zero based)
[2026-10-07T19:18:18.134+0800][0.005s][info][gc,init] Heap Region Size: 1M
[2026-10-07T19:18:18.134+0800][0.005s][info][gc,init] Heap Min Capacity: 8M
[2026-10-07T19:18:18.134+0800][0.005s][info][gc,init] Heap Initial Capacity: 256M
[2026-10-07T19:18:18.134+0800][0.005s][info][gc,init] Heap Max Capacity: 256M
[2026-10-07T19:18:18.134+0800][0.005s][info][gc,init] Pre-touch: Disabled
[2026-10-07T19:18:18.134+0800][0.005s][info][gc,init] Parallel Workers: 9
[2026-10-07T19:18:18.134+0800][0.005s][info][gc,init] Concurrent Workers: 2
[2026-10-07T19:18:18.134+0800][0.005s][info][gc,init] Concurrent Refinement Workers: 9
[2026-10-07T19:18:18.134+0800][0.005s][info][gc,init] Periodic GC: Disabled
[2026-10-07T19:18:18.137+0800][0.008s][info][gc,metaspace] CDS archive(s) mapped at: [0x000000b800000000-0x000000b800be8000-0x000000b800be8000), size 12484608, SharedBaseAddress: 0x000000b800000000, ArchiveRelocationMode: 1.
[2026-10-07T19:18:18.137+0800][0.008s][info][gc,metaspace] Compressed class space mapped at: 0x000000b801000000-0x000000b841000000, reserved size: 1073741824
[2026-10-07T19:18:18.137+0800][0.008s][info][gc,metaspace] Narrow klass base: 0x000000b800000000, Narrow klass shift: 0, Narrow klass range: 0x100000000
[2026-10-07T19:18:19.145+0800][1.016s][info][safepoint   ] Safepoint "Cleanup", Time since last: 1006404208 ns, Reaching safepoint: 64083 ns, At safepoint: 157417 ns, Total: 221500 ns
[2026-10-07T19:18:19.286+0800][1.157s][info][gc,start    ] GC(0) Pause Young (Normal) (G1 Evacuation Pause)
[2026-10-07T19:18:19.286+0800][1.157s][info][gc,task     ] GC(0) Using 6 workers of 9 for evacuation
[2026-10-07T19:18:19.289+0800][1.160s][info][gc,phases   ] GC(0)   Pre Evacuate Collection Set: 0.1ms
[2026-10-07T19:18:19.289+0800][1.160s][info][gc,phases   ] GC(0)   Merge Heap Roots: 0.2ms
[2026-10-07T19:18:19.289+0800][1.160s][info][gc,phases   ] GC(0)   Evacuate Collection Set: 1.9ms
[2026-10-07T19:18:19.289+0800][1.160s][info][gc,phases   ] GC(0)   Post Evacuate Collection Set: 0.5ms
[2026-10-07T19:18:19.289+0800][1.160s][info][gc,phases   ] GC(0)   Other: 0.5ms
[2026-10-07T19:18:19.289+0800][1.160s][info][gc,heap     ] GC(0) Eden regions: 23->0(40)
[2026-10-07T19:18:19.289+0800][1.160s][info][gc,heap     ] GC(0) Survivor regions: 0->3(3)
[2026-10-07T19:18:19.289+0800][1.160s][info][gc,heap     ] GC(0) Old regions: 0->1
[2026-10-07T19:18:19.289+0800][1.160s][info][gc,heap     ] GC(0) Archive regions: 2->2
[2026-10-07T19:18:19.289+0800][1.160s][info][gc,heap     ] GC(0) Humongous regions: 0->0
[2026-10-07T19:18:19.289+0800][1.160s][info][gc,metaspace] GC(0) Metaspace: 5438K(5632K)->5438K(5632K) NonClass: 4767K(4864K)->4767K(4864K) Class: 671K(768K)->671K(768K)
[2026-10-07T19:18:19.289+0800][1.160s][info][gc          ] GC(0) Pause Young (Normal) (G1 Evacuation Pause) 23M->4M(256M) 3.086ms
[2026-10-07T19:18:19.289+0800][1.160s][info][gc,cpu      ] GC(0) User=0.00s Sys=0.00s Real=0.00s
[2026-10-07T19:18:19.289+0800][1.160s][info][safepoint   ] Safepoint "G1CollectForAllocation", Time since last: 140367875 ns, Reaching safepoint: 81583 ns, At safepoint: 3361959 ns, Total: 3443542 ns
[2026-10-07T19:18:19.484+0800][1.355s][info][safepoint   ] Safepoint "ICBufferFull", Time since last: 194866250 ns, Reaching safepoint: 153291 ns, At safepoint: 6459 ns, Total: 159750 ns
[2026-10-07T19:18:19.575+0800][1.446s][info][safepoint   ] Safepoint "ICBufferFull", Time since last: 91407375 ns, Reaching safepoint: 100791 ns, At safepoint: 459 ns, Total: 101250 ns
[2026-10-07T19:18:19.608+0800][1.479s][info][gc,start    ] GC(1) Pause Young (Normal) (G1 Evacuation Pause)
[2026-10-07T19:18:19.608+0800][1.479s][info][gc,task     ] GC(1) Using 6 workers of 9 for evacuation
[2026-10-07T19:18:19.610+0800][1.481s][info][gc,phases   ] GC(1)   Pre Evacuate Collection Set: 0.0ms
[2026-10-07T19:18:19.610+0800][1.481s][info][gc,phases   ] GC(1)   Merge Heap Roots: 0.0ms
[2026-10-07T19:18:19.610+0800][1.481s][info][gc,phases   ] GC(1)   Evacuate Collection Set: 1.4ms
[2026-10-07T19:18:19.610+0800][1.481s][info][gc,phases   ] GC(1)   Post Evacuate Collection Set: 0.2ms
[2026-10-07T19:18:19.610+0800][1.481s][info][gc,phases   ] GC(1)   Other: 0.1ms
[2026-10-07T19:18:19.610+0800][1.481s][info][gc,heap     ] GC(1) Eden regions: 40->0(147)
[2026-10-07T19:18:19.610+0800][1.481s][info][gc,heap     ] GC(1) Survivor regions: 3->6(6)
[2026-10-07T19:18:19.610+0800][1.481s][info][gc,heap     ] GC(1) Old regions: 1->1
[2026-10-07T19:18:19.610+0800][1.481s][info][gc,heap     ] GC(1) Archive regions: 2->2
[2026-10-07T19:18:19.610+0800][1.481s][info][gc,heap     ] GC(1) Humongous regions: 0->0
[2026-10-07T19:18:19.610+0800][1.481s][info][gc,metaspace] GC(1) Metaspace: 10307K(10432K)->10307K(10432K) NonClass: 9012K(9088K)->9012K(9088K) Class: 1295K(1344K)->1295K(1344K)
[2026-10-07T19:18:19.610+0800][1.481s][info][gc          ] GC(1) Pause Young (Normal) (G1 Evacuation Pause) 44M->6M(256M) 1.688ms
[2026-10-07T19:18:19.610+0800][1.481s][info][gc,cpu      ] GC(1) User=0.01s Sys=0.00s Real=0.01s
[2026-10-07T19:18:19.610+0800][1.481s][info][safepoint   ] Safepoint "G1CollectForAllocation", Time since last: 32693083 ns, Reaching safepoint: 43125 ns, At safepoint: 1710917 ns, Total: 1754042 ns
[2026-10-07T19:18:19.648+0800][1.519s][info][safepoint   ] Safepoint "ICBufferFull", Time since last: 38261250 ns, Reaching safepoint: 51416 ns, At safepoint: 3459 ns, Total: 54875 ns
[2026-10-07T19:18:19.690+0800][1.561s][info][safepoint   ] Safepoint "ICBufferFull", Time since last: 41764583 ns, Reaching safepoint: 147458 ns, At safepoint: 3667 ns, Total: 151125 ns
[2026-10-07T19:18:19.767+0800][1.638s][info][safepoint   ] Safepoint "ICBufferFull", Time since last: 77152792 ns, Reaching safepoint: 71916 ns, At safepoint: 417 ns, Total: 72333 ns
[2026-10-07T19:18:19.803+0800][1.674s][info][safepoint   ] Safepoint "ICBufferFull", Time since last: 35575167 ns, Reaching safepoint: 46166 ns, At safepoint: 5834 ns, Total: 52000 ns
[2026-10-07T19:18:19.876+0800][1.747s][info][safepoint   ] Safepoint "ICBufferFull", Time since last: 72617541 ns, Reaching safepoint: 583125 ns, At safepoint: 7792 ns, Total: 590917 ns
[2026-10-07T19:18:20.550+0800][2.421s][info][safepoint   ] Safepoint "ICBufferFull", Time since last: 673434958 ns, Reaching safepoint: 147625 ns, At safepoint: 15750 ns, Total: 163375 ns
[2026-10-07T19:18:20.677+0800][2.548s][info][safepoint   ] Safepoint "ICBufferFull", Time since last: 127219000 ns, Reaching safepoint: 64875 ns, At safepoint: 14375 ns, Total: 79250 ns
[2026-10-07T19:18:21.779+0800][3.650s][info][safepoint   ] Safepoint "Cleanup", Time since last: 1102279750 ns, Reaching safepoint: 111334 ns, At safepoint: 4958 ns, Total: 116292 ns
[2026-10-07T19:18:22.321+0800][4.192s][info][safepoint   ] Safepoint "ICBufferFull", Time since last: 538202000 ns, Reaching safepoint: 3025167 ns, At safepoint: 490666 ns, Total: 3515833 ns
[2026-10-07T19:18:22.529+0800][4.400s][info][safepoint   ] Safepoint "ICBufferFull", Time since last: 207399167 ns, Reaching safepoint: 275792 ns, At safepoint: 14166 ns, Total: 289958 ns
[2026-10-07T19:18:22.859+0800][4.730s][info][safepoint   ] Safepoint "ICBufferFull", Time since last: 330604042 ns, Reaching safepoint: 85167 ns, At safepoint: 791 ns, Total: 85958 ns
[2026-10-07T19:18:22.968+0800][4.839s][info][safepoint   ] Safepoint "ICBufferFull", Time since last: 108269792 ns, Reaching safepoint: 216958 ns, At safepoint: 56000 ns, Total: 272958 ns
[2026-10-07T19:18:23.065+0800][4.936s][info][safepoint   ] Safepoint "ICBufferFull", Time since last: 96844792 ns, Reaching safepoint: 74125 ns, At safepoint: 3708 ns, Total: 77833 ns
[2026-10-07T19:18:23.099+0800][4.970s][info][safepoint   ] Safepoint "ICBufferFull", Time since last: 34221542 ns, Reaching safepoint: 51792 ns, At safepoint: 4666 ns, Total: 56458 ns
[2026-10-07T19:18:23.129+0800][5.000s][info][gc,start    ] GC(2) Pause Young (Normal) (G1 Evacuation Pause)
[2026-10-07T19:18:23.129+0800][5.000s][info][gc,task     ] GC(2) Using 6 workers of 9 for evacuation
[2026-10-07T19:18:23.159+0800][5.030s][info][gc,phases   ] GC(2)   Pre Evacuate Collection Set: 0.0ms
[2026-10-07T19:18:23.159+0800][5.030s][info][gc,phases   ] GC(2)   Merge Heap Roots: 0.0ms
[2026-10-07T19:18:23.159+0800][5.030s][info][gc,phases   ] GC(2)   Evacuate Collection Set: 28.5ms
[2026-10-07T19:18:23.159+0800][5.030s][info][gc,phases   ] GC(2)   Post Evacuate Collection Set: 1.2ms
[2026-10-07T19:18:23.159+0800][5.030s][info][gc,phases   ] GC(2)   Other: 0.1ms
[2026-10-07T19:18:23.159+0800][5.030s][info][gc,heap     ] GC(2) Eden regions: 147->0(135)
[2026-10-07T19:18:23.159+0800][5.030s][info][gc,heap     ] GC(2) Survivor regions: 6->18(20)
[2026-10-07T19:18:23.159+0800][5.030s][info][gc,heap     ] GC(2) Old regions: 1->1
[2026-10-07T19:18:23.159+0800][5.030s][info][gc,heap     ] GC(2) Archive regions: 2->2
[2026-10-07T19:18:23.159+0800][5.030s][info][gc,heap     ] GC(2) Humongous regions: 0->0
[2026-10-07T19:18:23.159+0800][5.030s][info][gc,metaspace] GC(2) Metaspace: 16784K(17024K)->16784K(17024K) NonClass: 14779K(14912K)->14779K(14912K) Class: 2005K(2112K)->2005K(2112K)
[2026-10-07T19:18:23.159+0800][5.030s][info][gc          ] GC(2) Pause Young (Normal) (G1 Evacuation Pause) 153M->18M(256M) 29.932ms
[2026-10-07T19:18:23.159+0800][5.030s][info][gc,cpu      ] GC(2) User=0.05s Sys=0.05s Real=0.03s
[2026-10-07T19:18:23.159+0800][5.030s][info][safepoint   ] Safepoint "G1CollectForAllocation", Time since last: 29850417 ns, Reaching safepoint: 51917 ns, At safepoint: 30044166 ns, Total: 30096083 ns
[2026-10-07T19:18:23.230+0800][5.101s][info][safepoint   ] Safepoint "ICBufferFull", Time since last: 70658792 ns, Reaching safepoint: 57542 ns, At safepoint: 3750 ns, Total: 61292 ns
[2026-10-07T19:18:23.320+0800][5.191s][info][safepoint   ] Safepoint "ICBufferFull", Time since last: 90035000 ns, Reaching safepoint: 201250 ns, At safepoint: 73708 ns, Total: 274958 ns
[2026-10-07T19:18:23.438+0800][5.310s][info][safepoint   ] Safepoint "ICBufferFull", Time since last: 118308000 ns, Reaching safepoint: 130750 ns, At safepoint: 1708 ns, Total: 132458 ns
[2026-10-07T19:18:23.551+0800][5.422s][info][safepoint   ] Safepoint "ICBufferFull", Time since last: 111666959 ns, Reaching safepoint: 366000 ns, At safepoint: 7125 ns, Total: 373125 ns
[2026-10-07T19:18:23.763+0800][5.634s][info][safepoint   ] Safepoint "ICBufferFull", Time since last: 212326541 ns, Reaching safepoint: 122959 ns, At safepoint: 1541 ns, Total: 124500 ns
[2026-10-07T19:18:24.110+0800][5.982s][info][safepoint   ] Safepoint "ICBufferFull", Time since last: 347344542 ns, Reaching safepoint: 182875 ns, At safepoint: 8417 ns, Total: 191292 ns
[2026-10-07T19:18:24.191+0800][6.062s][info][gc,start    ] GC(3) Pause Young (Normal) (G1 Evacuation Pause)
[2026-10-07T19:18:24.191+0800][6.062s][info][gc,task     ] GC(3) Using 6 workers of 9 for evacuation
[2026-10-07T19:18:24.212+0800][6.083s][info][gc,phases   ] GC(3)   Pre Evacuate Collection Set: 0.2ms
[2026-10-07T19:18:24.212+0800][6.084s][info][gc,phases   ] GC(3)   Merge Heap Roots: 0.7ms
[2026-10-07T19:18:24.212+0800][6.084s][info][gc,phases   ] GC(3)   Evacuate Collection Set: 18.0ms
[2026-10-07T19:18:24.212+0800][6.084s][info][gc,phases   ] GC(3)   Post Evacuate Collection Set: 2.0ms
[2026-10-07T19:18:24.213+0800][6.084s][info][gc,phases   ] GC(3)   Other: 1.5ms
[2026-10-07T19:18:24.213+0800][6.084s][info][gc,heap     ] GC(3) Eden regions: 135->0(147)
[2026-10-07T19:18:24.213+0800][6.084s][info][gc,heap     ] GC(3) Survivor regions: 18->6(20)
[2026-10-07T19:18:24.213+0800][6.084s][info][gc,heap     ] GC(3) Old regions: 1->18
[2026-10-07T19:18:24.213+0800][6.084s][info][gc,heap     ] GC(3) Archive regions: 2->2
[2026-10-07T19:18:24.213+0800][6.084s][info][gc,heap     ] GC(3) Humongous regions: 32->0
[2026-10-07T19:18:24.213+0800][6.084s][info][gc,metaspace] GC(3) Metaspace: 20804K(21184K)->20804K(21184K) NonClass: 18432K(18624K)->18432K(18624K) Class: 2372K(2560K)->2372K(2560K)
[2026-10-07T19:18:24.213+0800][6.084s][info][gc          ] GC(3) Pause Young (Normal) (G1 Evacuation Pause) 185M->24M(256M) 21.464ms
[2026-10-07T19:18:24.213+0800][6.084s][info][gc,cpu      ] GC(3) User=0.04s Sys=0.02s Real=0.02s
[2026-10-07T19:18:24.213+0800][6.084s][info][safepoint   ] Safepoint "G1CollectForAllocation", Time since last: 79323500 ns, Reaching safepoint: 105791 ns, At safepoint: 23184250 ns, Total: 23290041 ns
[2026-10-07T19:18:24.347+0800][6.218s][info][gc,start    ] GC(4) Pause Young (Concurrent Start) (Metadata GC Threshold)
[2026-10-07T19:18:24.347+0800][6.218s][info][gc,task     ] GC(4) Using 6 workers of 9 for evacuation
[2026-10-07T19:18:24.360+0800][6.231s][info][gc,phases   ] GC(4)   Pre Evacuate Collection Set: 0.6ms
[2026-10-07T19:18:24.360+0800][6.231s][info][gc,phases   ] GC(4)   Merge Heap Roots: 0.3ms
[2026-10-07T19:18:24.360+0800][6.231s][info][gc,phases   ] GC(4)   Evacuate Collection Set: 10.6ms
[2026-10-07T19:18:24.360+0800][6.231s][info][gc,phases   ] GC(4)   Post Evacuate Collection Set: 0.6ms
[2026-10-07T19:18:24.360+0800][6.231s][info][gc,phases   ] GC(4)   Other: 0.2ms
[2026-10-07T19:18:24.360+0800][6.231s][info][gc,heap     ] GC(4) Eden regions: 5->0(148)
[2026-10-07T19:18:24.360+0800][6.231s][info][gc,heap     ] GC(4) Survivor regions: 6->5(20)
[2026-10-07T19:18:24.360+0800][6.231s][info][gc,heap     ] GC(4) Old regions: 18->18
[2026-10-07T19:18:24.360+0800][6.231s][info][gc,heap     ] GC(4) Archive regions: 2->2
[2026-10-07T19:18:24.360+0800][6.231s][info][gc,heap     ] GC(4) Humongous regions: 0->0
[2026-10-07T19:18:24.360+0800][6.231s][info][gc,metaspace] GC(4) Metaspace: 21237K(21504K)->21237K(21504K) NonClass: 18810K(18944K)->18810K(18944K) Class: 2427K(2560K)->2427K(2560K)
[2026-10-07T19:18:24.360+0800][6.231s][info][gc          ] GC(4) Pause Young (Concurrent Start) (Metadata GC Threshold) 28M->22M(256M) 12.452ms
[2026-10-07T19:18:24.360+0800][6.231s][info][gc,cpu      ] GC(4) User=0.01s Sys=0.01s Real=0.02s
[2026-10-07T19:18:24.360+0800][6.231s][info][gc          ] GC(5) Concurrent Mark Cycle
[2026-10-07T19:18:24.360+0800][6.231s][info][gc,marking  ] GC(5) Concurrent Clear Claimed Marks
[2026-10-07T19:18:24.360+0800][6.231s][info][gc,marking  ] GC(5) Concurrent Clear Claimed Marks 0.023ms
[2026-10-07T19:18:24.360+0800][6.231s][info][gc,marking  ] GC(5) Concurrent Scan Root Regions
[2026-10-07T19:18:24.361+0800][6.232s][info][safepoint   ] Safepoint "CollectForMetadataAllocation", Time since last: 131132334 ns, Reaching safepoint: 3032250 ns, At safepoint: 13781500 ns, Total: 16813750 ns
[2026-10-07T19:18:24.364+0800][6.235s][info][safepoint   ] Safepoint "CollectForMetadataAllocation", Time since last: 364041 ns, Reaching safepoint: 205292 ns, At safepoint: 1926625 ns, Total: 2131917 ns
[2026-10-07T19:18:24.368+0800][6.239s][info][gc,marking  ] GC(5) Concurrent Scan Root Regions 7.379ms
[2026-10-07T19:18:24.368+0800][6.239s][info][gc,marking  ] GC(5) Concurrent Mark
[2026-10-07T19:18:24.368+0800][6.239s][info][gc,marking  ] GC(5) Concurrent Mark From Roots
[2026-10-07T19:18:24.368+0800][6.239s][info][gc,task     ] GC(5) Using 2 workers of 2 for marking
[2026-10-07T19:18:24.390+0800][6.261s][info][gc,marking  ] GC(5) Concurrent Mark From Roots 22.613ms
[2026-10-07T19:18:24.390+0800][6.261s][info][gc,marking  ] GC(5) Concurrent Preclean
[2026-10-07T19:18:24.390+0800][6.261s][info][gc,marking  ] GC(5) Concurrent Preclean 0.090ms
[2026-10-07T19:18:24.392+0800][6.263s][info][gc,start    ] GC(5) Pause Remark
[2026-10-07T19:18:24.402+0800][6.273s][info][gc          ] GC(5) Pause Remark 24M->24M(90M) 9.791ms
[2026-10-07T19:18:24.402+0800][6.273s][info][gc,cpu      ] GC(5) User=0.00s Sys=0.00s Real=0.01s
[2026-10-07T19:18:24.405+0800][6.276s][info][safepoint   ] Safepoint "G1Concurrent", Time since last: 27341750 ns, Reaching safepoint: 1377917 ns, At safepoint: 12853333 ns, Total: 14231250 ns
[2026-10-07T19:18:24.406+0800][6.277s][info][gc,marking  ] GC(5) Concurrent Mark 37.947ms
[2026-10-07T19:18:24.406+0800][6.277s][info][gc,marking  ] GC(5) Concurrent Rebuild Remembered Sets
[2026-10-07T19:18:24.414+0800][6.285s][info][gc,marking  ] GC(5) Concurrent Rebuild Remembered Sets 8.026ms
[2026-10-07T19:18:24.414+0800][6.285s][info][gc,start    ] GC(5) Pause Cleanup
[2026-10-07T19:18:24.414+0800][6.285s][info][gc          ] GC(5) Pause Cleanup 24M->24M(90M) 0.430ms
[2026-10-07T19:18:24.414+0800][6.285s][info][gc,cpu      ] GC(5) User=0.00s Sys=0.00s Real=0.00s
[2026-10-07T19:18:24.414+0800][6.285s][info][safepoint   ] Safepoint "G1Concurrent", Time since last: 8570875 ns, Reaching safepoint: 60042 ns, At safepoint: 500916 ns, Total: 560958 ns
[2026-10-07T19:18:24.415+0800][6.286s][info][gc,marking  ] GC(5) Concurrent Cleanup for Next Mark
[2026-10-07T19:18:24.415+0800][6.286s][info][gc,marking  ] GC(5) Concurrent Cleanup for Next Mark 0.488ms
[2026-10-07T19:18:24.415+0800][6.286s][info][gc          ] GC(5) Concurrent Mark Cycle 55.062ms
[2026-10-07T19:18:26.660+0800][8.531s][info][safepoint   ] Safepoint "Cleanup", Time since last: 2243374417 ns, Reaching safepoint: 1990625 ns, At safepoint: 107500 ns, Total: 2098125 ns
[2026-10-07T19:18:30.029+0800][11.900s][info][safepoint   ] Safepoint "Cleanup", Time since last: 3343123583 ns, Reaching safepoint: 24950250 ns, At safepoint: 763667 ns, Total: 25713917 ns
[2026-10-07T19:18:31.198+0800][13.069s][info][safepoint   ] Safepoint "Cleanup", Time since last: 1166583583 ns, Reaching safepoint: 2828167 ns, At safepoint: 2750 ns, Total: 2830917 ns
[2026-10-07T19:18:36.866+0800][18.737s][info][safepoint   ] Safepoint "Cleanup", Time since last: 5667665583 ns, Reaching safepoint: 188875 ns, At safepoint: 24709 ns, Total: 213584 ns
[2026-10-07T19:18:39.116+0800][20.988s][info][safepoint   ] Safepoint "Cleanup", Time since last: 2250098000 ns, Reaching safepoint: 582916 ns, At safepoint: 2292 ns, Total: 585208 ns
[2026-10-07T19:18:42.550+0800][24.421s][info][safepoint   ] Safepoint "Cleanup", Time since last: 3432225500 ns, Reaching safepoint: 549542 ns, At safepoint: 300333 ns, Total: 849875 ns
[2026-10-07T19:18:43.687+0800][25.558s][info][safepoint   ] Safepoint "Cleanup", Time since last: 1136479750 ns, Reaching safepoint: 655708 ns, At safepoint: 19459 ns, Total: 675167 ns
[2026-10-07T19:18:44.791+0800][26.662s][info][safepoint   ] Safepoint "Cleanup", Time since last: 1104178166 ns, Reaching safepoint: 125500 ns, At safepoint: 1167 ns, Total: 126667 ns
[2026-10-07T19:19:06.280+0800][48.151s][info][safepoint   ] Safepoint "Cleanup", Time since last: 21488946667 ns, Reaching safepoint: 100000 ns, At safepoint: 875 ns, Total: 100875 ns
[2026-10-07T19:19:07.399+0800][49.270s][info][safepoint   ] Safepoint "Cleanup", Time since last: 1118667875 ns, Reaching safepoint: 170000 ns, At safepoint: 2000 ns, Total: 172000 ns
[2026-10-07T19:19:10.710+0800][52.581s][info][safepoint   ] Safepoint "Cleanup", Time since last: 3311092500 ns, Reaching safepoint: 358083 ns, At safepoint: 1833 ns, Total: 359916 ns
[2026-10-07T19:19:11.844+0800][53.715s][info][safepoint   ] Safepoint "Cleanup", Time since last: 1133110500 ns, Reaching safepoint: 767584 ns, At safepoint: 33750 ns, Total: 801334 ns
[2026-10-07T19:19:12.976+0800][54.847s][info][safepoint   ] Safepoint "Cleanup", Time since last: 1131555000 ns, Reaching safepoint: 543750 ns, At safepoint: 5958 ns, Total: 549708 ns
[2026-10-07T19:19:14.132+0800][56.003s][info][safepoint   ] Safepoint "Cleanup", Time since last: 1140325708 ns, Reaching safepoint: 15052625 ns, At safepoint: 27459 ns, Total: 15080084 ns
[2026-10-07T19:19:15.277+0800][57.149s][info][safepoint   ] Safepoint "Cleanup", Time since last: 1145456958 ns, Reaching safepoint: 318417 ns, At safepoint: 3458 ns, Total: 321875 ns
[2026-10-07T19:19:16.552+0800][58.423s][info][gc,heap,exit] Heap
[2026-10-07T19:19:16.552+0800][58.423s][info][gc,heap,exit]  garbage-first heap   total 92160K, used 35171K [0x00000007f0000000, 0x0000000800000000)
[2026-10-07T19:19:16.552+0800][58.423s][info][gc,heap,exit]   region size 1024K, 17 young (17408K), 5 survivors (5120K)
[2026-10-07T19:19:16.552+0800][58.423s][info][gc,heap,exit]  Metaspace       used 21708K, committed 22080K, reserved 1114112K
[2026-10-07T19:19:16.552+0800][58.423s][info][gc,heap,exit]   class space    used 2483K, committed 2688K, reserved 1048576K
