51715:
2026-10-07 15:03:54
Full thread dump Java HotSpot(TM) 64-Bit Server VM (17.0.19+9-LTS-183 mixed mode, sharing):

Threads class SMR info:
_java_thread_list=0x0000600000381c80, length=18, elements={
0x000000012b00e000, 0x000000010b809e00, 0x000000011b00aa00, 0x000000012b01ae00,
0x000000012d809000, 0x000000012c80f800, 0x000000012d809600, 0x000000011b00b600,
0x000000012b814a00, 0x000000012b816000, 0x0000000109008200, 0x00000001088c3c00,
0x00000001088b5200, 0x0000000105065e00, 0x000000012b80b200, 0x0000000105275a00,
0x000000010f080e00, 0x000000010a1d4600
}

"main" #1 prio=5 os_prio=31 cpu=12774.49ms elapsed=57.26s tid=0x000000012b00e000 nid=0xe03 runnable  [0x000000016b96a000]
   java.lang.Thread.State: RUNNABLE
	at jdk.internal.loader.URLClassPath$1.next(java.base@17.0.19/URLClassPath.java:347)
	at jdk.internal.loader.URLClassPath$1.hasMoreElements(java.base@17.0.19/URLClassPath.java:358)
	at jdk.internal.loader.BuiltinClassLoader$1.hasNext(java.base@17.0.19/BuiltinClassLoader.java:408)
	at jdk.internal.loader.BuiltinClassLoader$1.hasMoreElements(java.base@17.0.19/BuiltinClassLoader.java:416)
	at java.lang.CompoundEnumeration.next(java.base@17.0.19/ClassLoader.java:2730)
	at java.lang.CompoundEnumeration.hasMoreElements(java.base@17.0.19/ClassLoader.java:2739)
	at org.springframework.context.index.CandidateComponentsIndexLoader.doLoadIndex(CandidateComponentsIndexLoader.java:103)
	at org.springframework.context.index.CandidateComponentsIndexLoader$$Lambda$984/0x00000070014d6720.apply(Unknown Source)
	at java.util.concurrent.ConcurrentMap.computeIfAbsent(java.base@17.0.19/ConcurrentMap.java:330)
	at org.springframework.context.index.CandidateComponentsIndexLoader.loadIndex(CandidateComponentsIndexLoader.java:92)
	at org.springframework.context.annotation.ClassPathScanningCandidateComponentProvider.setResourceLoader(ClassPathScanningCandidateComponentProvider.java:302)
	at org.springframework.context.annotation.ClassPathScanningCandidateComponentProvider.<init>(ClassPathScanningCandidateComponentProvider.java:168)
	at org.springframework.data.repository.config.CustomRepositoryImplementationDetector.findCandidateBeanDefinitions(CustomRepositoryImplementationDetector.java:131)
	at org.springframework.data.repository.config.CustomRepositoryImplementationDetector.lambda$new$0(CustomRepositoryImplementationDetector.java:74)
	at org.springframework.data.repository.config.CustomRepositoryImplementationDetector$$Lambda$1212/0x00000070016d95c0.get(Unknown Source)
	at org.springframework.data.util.Lazy.getNullable(Lazy.java:135)
	at org.springframework.data.util.Lazy.getOptional(Lazy.java:149)
	at org.springframework.data.repository.config.CustomRepositoryImplementationDetector.detectCustomImplementation(CustomRepositoryImplementationDetector.java:105)
	at org.springframework.data.repository.config.RepositoryBeanDefinitionBuilder.registerCustomImplementation(RepositoryBeanDefinitionBuilder.java:207)
	at org.springframework.data.repository.config.RepositoryBeanDefinitionBuilder.build(RepositoryBeanDefinitionBuilder.java:139)
	at org.springframework.data.repository.config.RepositoryConfigurationDelegate.registerRepositoriesIn(RepositoryConfigurationDelegate.java:179)
	at org.springframework.boot.autoconfigure.data.AbstractRepositoryConfigurationSourceSupport.registerBeanDefinitions(AbstractRepositoryConfigurationSourceSupport.java:62)
	at org.springframework.context.annotation.ConfigurationClassBeanDefinitionReader.lambda$loadBeanDefinitionsFromRegistrars$1(ConfigurationClassBeanDefinitionReader.java:397)
	at org.springframework.context.annotation.ConfigurationClassBeanDefinitionReader$$Lambda$1177/0x000000700165ae08.accept(Unknown Source)
	at java.util.LinkedHashMap.forEach(java.base@17.0.19/LinkedHashMap.java:721)
	at org.springframework.context.annotation.ConfigurationClassBeanDefinitionReader.loadBeanDefinitionsFromRegistrars(ConfigurationClassBeanDefinitionReader.java:396)
	at org.springframework.context.annotation.ConfigurationClassBeanDefinitionReader.loadBeanDefinitionsForConfigurationClass(ConfigurationClassBeanDefinitionReader.java:149)
	at org.springframework.context.annotation.ConfigurationClassBeanDefinitionReader.loadBeanDefinitions(ConfigurationClassBeanDefinitionReader.java:121)
	at org.springframework.context.annotation.ConfigurationClassPostProcessor.processConfigBeanDefinitions(ConfigurationClassPostProcessor.java:430)
	at org.springframework.context.annotation.ConfigurationClassPostProcessor.postProcessBeanDefinitionRegistry(ConfigurationClassPostProcessor.java:290)
	at org.springframework.context.support.PostProcessorRegistrationDelegate.invokeBeanDefinitionRegistryPostProcessors(PostProcessorRegistrationDelegate.java:349)
	at org.springframework.context.support.PostProcessorRegistrationDelegate.invokeBeanFactoryPostProcessors(PostProcessorRegistrationDelegate.java:118)
	at org.springframework.context.support.AbstractApplicationContext.invokeBeanFactoryPostProcessors(AbstractApplicationContext.java:791)
	at org.springframework.context.support.AbstractApplicationContext.refresh(AbstractApplicationContext.java:609)
	at org.springframework.boot.SpringApplication.refresh(SpringApplication.java:753)
	at org.springframework.boot.SpringApplication.refreshContext(SpringApplication.java:439)
	at org.springframework.boot.SpringApplication.run(SpringApplication.java:318)
	at org.springframework.boot.builder.SpringApplicationBuilder.run(SpringApplicationBuilder.java:149)
	at com.hify.api.RunShutdownIntegrationTest.lambda$start$20(RunShutdownIntegrationTest.java:308)
	at com.hify.api.RunShutdownIntegrationTest$$Lambda$667/0x00000070013d8420.get(Unknown Source)
	at com.hify.api.ShutdownStartupDiagnostics.capture(ShutdownStartupDiagnostics.java:31)
	at com.hify.api.RunShutdownIntegrationTest.start(RunShutdownIntegrationTest.java:307)
	at com.hify.api.RunShutdownIntegrationTest.start(RunShutdownIntegrationTest.java:284)
	at com.hify.api.RunShutdownIntegrationTest.start(RunShutdownIntegrationTest.java:281)
	at com.hify.api.RunShutdownIntegrationTest.verifyModelShutdownRecovery(RunShutdownIntegrationTest.java:224)
	at com.hify.api.RunShutdownIntegrationTest.verifyModelShutdownRecovery(RunShutdownIntegrationTest.java:204)
	at com.hify.api.RunShutdownIntegrationTest.interruptedModelIsRecoverableAfterActualApplicationRestart(RunShutdownIntegrationTest.java:198)
	at jdk.internal.reflect.NativeMethodAccessorImpl.invoke0(java.base@17.0.19/Native Method)
	at jdk.internal.reflect.NativeMethodAccessorImpl.invoke(java.base@17.0.19/NativeMethodAccessorImpl.java:77)
	at jdk.internal.reflect.DelegatingMethodAccessorImpl.invoke(java.base@17.0.19/DelegatingMethodAccessorImpl.java:43)
	at java.lang.reflect.Method.invoke(java.base@17.0.19/Method.java:568)
	at org.junit.platform.commons.util.ReflectionUtils.invokeMethod(ReflectionUtils.java:767)
	at org.junit.jupiter.engine.execution.MethodInvocation.proceed(MethodInvocation.java:60)
	at org.junit.jupiter.engine.execution.InvocationInterceptorChain$ValidatingInvocation.proceed(InvocationInterceptorChain.java:131)
	at org.junit.jupiter.engine.extension.SameThreadTimeoutInvocation.proceed(SameThreadTimeoutInvocation.java:45)
	at org.junit.jupiter.engine.extension.TimeoutExtension.intercept(TimeoutExtension.java:156)
	at org.junit.jupiter.engine.extension.TimeoutExtension.interceptTestableMethod(TimeoutExtension.java:147)
	at org.junit.jupiter.engine.extension.TimeoutExtension.interceptTestMethod(TimeoutExtension.java:86)
	at org.junit.jupiter.engine.descriptor.TestMethodTestDescriptor$$Lambda$181/0x000000700108a9d8.apply(Unknown Source)
	at org.junit.jupiter.engine.execution.InterceptingExecutableInvoker$ReflectiveInterceptorCall.lambda$ofVoidMethod$0(InterceptingExecutableInvoker.java:103)
	at org.junit.jupiter.engine.execution.InterceptingExecutableInvoker$ReflectiveInterceptorCall$$Lambda$182/0x000000700108adf8.apply(Unknown Source)
	at org.junit.jupiter.engine.execution.InterceptingExecutableInvoker.lambda$invoke$0(InterceptingExecutableInvoker.java:93)
	at org.junit.jupiter.engine.execution.InterceptingExecutableInvoker$$Lambda$384/0x00000070010ce498.apply(Unknown Source)
	at org.junit.jupiter.engine.execution.InvocationInterceptorChain$InterceptedInvocation.proceed(InvocationInterceptorChain.java:106)
	at org.junit.jupiter.engine.execution.InvocationInterceptorChain.proceed(InvocationInterceptorChain.java:64)
	at org.junit.jupiter.engine.execution.InvocationInterceptorChain.chainAndInvoke(InvocationInterceptorChain.java:45)
	at org.junit.jupiter.engine.execution.InvocationInterceptorChain.invoke(InvocationInterceptorChain.java:37)
	at org.junit.jupiter.engine.execution.InterceptingExecutableInvoker.invoke(InterceptingExecutableInvoker.java:92)
	at org.junit.jupiter.engine.execution.InterceptingExecutableInvoker.invoke(InterceptingExecutableInvoker.java:86)
	at org.junit.jupiter.engine.descriptor.TestMethodTestDescriptor.lambda$invokeTestMethod$8(TestMethodTestDescriptor.java:217)
	at org.junit.jupiter.engine.descriptor.TestMethodTestDescriptor$$Lambda$405/0x00000070010d0f18.execute(Unknown Source)
	at org.junit.platform.engine.support.hierarchical.ThrowableCollector.execute(ThrowableCollector.java:73)
	at org.junit.jupiter.engine.descriptor.TestMethodTestDescriptor.invokeTestMethod(TestMethodTestDescriptor.java:213)
	at org.junit.jupiter.engine.descriptor.TestMethodTestDescriptor.execute(TestMethodTestDescriptor.java:138)
	at org.junit.jupiter.engine.descriptor.TestMethodTestDescriptor.execute(TestMethodTestDescriptor.java:68)
	at org.junit.platform.engine.support.hierarchical.NodeTestTask.lambda$executeRecursively$6(NodeTestTask.java:156)
	at org.junit.platform.engine.support.hierarchical.NodeTestTask$$Lambda$303/0x00000070010ba9b0.execute(Unknown Source)
	at org.junit.platform.engine.support.hierarchical.ThrowableCollector.execute(ThrowableCollector.java:73)
	at org.junit.platform.engine.support.hierarchical.NodeTestTask.lambda$executeRecursively$8(NodeTestTask.java:146)
	at org.junit.platform.engine.support.hierarchical.NodeTestTask$$Lambda$302/0x00000070010ba788.invoke(Unknown Source)
	at org.junit.platform.engine.support.hierarchical.Node.around(Node.java:137)
	at org.junit.platform.engine.support.hierarchical.NodeTestTask.lambda$executeRecursively$9(NodeTestTask.java:144)
	at org.junit.platform.engine.support.hierarchical.NodeTestTask$$Lambda$301/0x00000070010ba360.execute(Unknown Source)
	at org.junit.platform.engine.support.hierarchical.ThrowableCollector.execute(ThrowableCollector.java:73)
	at org.junit.platform.engine.support.hierarchical.NodeTestTask.executeRecursively(NodeTestTask.java:143)
	at org.junit.platform.engine.support.hierarchical.NodeTestTask.execute(NodeTestTask.java:100)
	at org.junit.platform.engine.support.hierarchical.SameThreadHierarchicalTestExecutorService$$Lambda$307/0x00000070010bb4c8.accept(Unknown Source)
	at java.util.ArrayList.forEach(java.base@17.0.19/ArrayList.java:1511)
	at org.junit.platform.engine.support.hierarchical.SameThreadHierarchicalTestExecutorService.invokeAll(SameThreadHierarchicalTestExecutorService.java:41)
	at org.junit.platform.engine.support.hierarchical.NodeTestTask.lambda$executeRecursively$6(NodeTestTask.java:160)
	at org.junit.platform.engine.support.hierarchical.NodeTestTask$$Lambda$303/0x00000070010ba9b0.execute(Unknown Source)
	at org.junit.platform.engine.support.hierarchical.ThrowableCollector.execute(ThrowableCollector.java:73)
	at org.junit.platform.engine.support.hierarchical.NodeTestTask.lambda$executeRecursively$8(NodeTestTask.java:146)
	at org.junit.platform.engine.support.hierarchical.NodeTestTask$$Lambda$302/0x00000070010ba788.invoke(Unknown Source)
	at org.junit.platform.engine.support.hierarchical.Node.around(Node.java:137)
	at org.junit.platform.engine.support.hierarchical.NodeTestTask.lambda$executeRecursively$9(NodeTestTask.java:144)
	at org.junit.platform.engine.support.hierarchical.NodeTestTask$$Lambda$301/0x00000070010ba360.execute(Unknown Source)
	at org.junit.platform.engine.support.hierarchical.ThrowableCollector.execute(ThrowableCollector.java:73)
	at org.junit.platform.engine.support.hierarchical.NodeTestTask.executeRecursively(NodeTestTask.java:143)
	at org.junit.platform.engine.support.hierarchical.NodeTestTask.execute(NodeTestTask.java:100)
	at org.junit.platform.engine.support.hierarchical.SameThreadHierarchicalTestExecutorService$$Lambda$307/0x00000070010bb4c8.accept(Unknown Source)
	at java.util.ArrayList.forEach(java.base@17.0.19/ArrayList.java:1511)
	at org.junit.platform.engine.support.hierarchical.SameThreadHierarchicalTestExecutorService.invokeAll(SameThreadHierarchicalTestExecutorService.java:41)
	at org.junit.platform.engine.support.hierarchical.NodeTestTask.lambda$executeRecursively$6(NodeTestTask.java:160)
	at org.junit.platform.engine.support.hierarchical.NodeTestTask$$Lambda$303/0x00000070010ba9b0.execute(Unknown Source)
	at org.junit.platform.engine.support.hierarchical.ThrowableCollector.execute(ThrowableCollector.java:73)
	at org.junit.platform.engine.support.hierarchical.NodeTestTask.lambda$executeRecursively$8(NodeTestTask.java:146)
	at org.junit.platform.engine.support.hierarchical.NodeTestTask$$Lambda$302/0x00000070010ba788.invoke(Unknown Source)
	at org.junit.platform.engine.support.hierarchical.Node.around(Node.java:137)
	at org.junit.platform.engine.support.hierarchical.NodeTestTask.lambda$executeRecursively$9(NodeTestTask.java:144)
	at org.junit.platform.engine.support.hierarchical.NodeTestTask$$Lambda$301/0x00000070010ba360.execute(Unknown Source)
	at org.junit.platform.engine.support.hierarchical.ThrowableCollector.execute(ThrowableCollector.java:73)
	at org.junit.platform.engine.support.hierarchical.NodeTestTask.executeRecursively(NodeTestTask.java:143)
	at org.junit.platform.engine.support.hierarchical.NodeTestTask.execute(NodeTestTask.java:100)
	at org.junit.platform.engine.support.hierarchical.SameThreadHierarchicalTestExecutorService.submit(SameThreadHierarchicalTestExecutorService.java:35)
	at org.junit.platform.engine.support.hierarchical.HierarchicalTestExecutor.execute(HierarchicalTestExecutor.java:57)
	at org.junit.platform.engine.support.hierarchical.HierarchicalTestEngine.execute(HierarchicalTestEngine.java:54)
	at org.junit.platform.launcher.core.EngineExecutionOrchestrator.execute(EngineExecutionOrchestrator.java:198)
	at org.junit.platform.launcher.core.EngineExecutionOrchestrator.execute(EngineExecutionOrchestrator.java:169)
	at org.junit.platform.launcher.core.EngineExecutionOrchestrator.execute(EngineExecutionOrchestrator.java:93)
	at org.junit.platform.launcher.core.EngineExecutionOrchestrator.lambda$execute$0(EngineExecutionOrchestrator.java:58)
	at org.junit.platform.launcher.core.EngineExecutionOrchestrator$$Lambda$254/0x00000070010a64c8.accept(Unknown Source)
	at org.junit.platform.launcher.core.EngineExecutionOrchestrator.withInterceptedStreams(EngineExecutionOrchestrator.java:141)
	at org.junit.platform.launcher.core.EngineExecutionOrchestrator.execute(EngineExecutionOrchestrator.java:57)
	at org.junit.platform.launcher.core.DefaultLauncher.execute(DefaultLauncher.java:103)
	at org.junit.platform.launcher.core.DefaultLauncher.execute(DefaultLauncher.java:85)
	at org.junit.platform.launcher.core.DelegatingLauncher.execute(DelegatingLauncher.java:47)
	at org.apache.maven.surefire.junitplatform.LazyLauncher.execute(LazyLauncher.java:56)
	at org.apache.maven.surefire.junitplatform.JUnitPlatformProvider.execute(JUnitPlatformProvider.java:194)
	at org.apache.maven.surefire.junitplatform.JUnitPlatformProvider.invokeAllTests(JUnitPlatformProvider.java:150)
	at org.apache.maven.surefire.junitplatform.JUnitPlatformProvider.invoke(JUnitPlatformProvider.java:124)
	at org.apache.maven.surefire.booter.ForkedBooter.runSuitesInProcess(ForkedBooter.java:385)
	at org.apache.maven.surefire.booter.ForkedBooter.execute(ForkedBooter.java:162)
	at org.apache.maven.surefire.booter.ForkedBooter.run(ForkedBooter.java:507)
	at org.apache.maven.surefire.booter.ForkedBooter.main(ForkedBooter.java:495)

"Reference Handler" #2 daemon prio=10 os_prio=31 cpu=6.62ms elapsed=57.12s tid=0x000000010b809e00 nid=0x4c03 waiting on condition  [0x000000016c84e000]
   java.lang.Thread.State: RUNNABLE
	at java.lang.ref.Reference.waitForReferencePendingList(java.base@17.0.19/Native Method)
	at java.lang.ref.Reference.processPendingReferences(java.base@17.0.19/Reference.java:253)
	at java.lang.ref.Reference$ReferenceHandler.run(java.base@17.0.19/Reference.java:215)

"Finalizer" #3 daemon prio=8 os_prio=31 cpu=1.47ms elapsed=57.12s tid=0x000000011b00aa00 nid=0x4b03 in Object.wait()  [0x000000016ca5a000]
   java.lang.Thread.State: WAITING (on object monitor)
	at java.lang.Object.wait(java.base@17.0.19/Native Method)
	- waiting on <0x00000007d08ac578> (a java.lang.ref.ReferenceQueue$Lock)
	at java.lang.ref.ReferenceQueue.remove(java.base@17.0.19/ReferenceQueue.java:155)
	- locked <0x00000007d08ac578> (a java.lang.ref.ReferenceQueue$Lock)
	at java.lang.ref.ReferenceQueue.remove(java.base@17.0.19/ReferenceQueue.java:176)
	at java.lang.ref.Finalizer$FinalizerThread.run(java.base@17.0.19/Finalizer.java:172)

"Signal Dispatcher" #4 daemon prio=9 os_prio=31 cpu=0.21ms elapsed=57.08s tid=0x000000012b01ae00 nid=0x7a03 waiting on condition  [0x0000000000000000]
   java.lang.Thread.State: RUNNABLE

"Service Thread" #5 daemon prio=9 os_prio=31 cpu=30.14ms elapsed=57.08s tid=0x000000012d809000 nid=0x7903 runnable  [0x0000000000000000]
   java.lang.Thread.State: RUNNABLE

"Monitor Deflation Thread" #6 daemon prio=9 os_prio=31 cpu=2.31ms elapsed=57.08s tid=0x000000012c80f800 nid=0x5e03 runnable  [0x0000000000000000]
   java.lang.Thread.State: RUNNABLE

"C2 CompilerThread0" #7 daemon prio=9 os_prio=31 cpu=22094.50ms elapsed=57.08s tid=0x000000012d809600 nid=0x7803 runnable  [0x0000000000000000]
   java.lang.Thread.State: RUNNABLE
   Compiling: 19183       4       org.springframework.util.StringUtils::delimitedListToStringArray (164 bytes)

"C1 CompilerThread0" #10 daemon prio=9 os_prio=31 cpu=3789.13ms elapsed=57.08s tid=0x000000011b00b600 nid=0x7603 waiting on condition  [0x0000000000000000]
   java.lang.Thread.State: RUNNABLE
   No compile task

"Sweeper thread" #11 daemon prio=9 os_prio=31 cpu=455.56ms elapsed=57.08s tid=0x000000012b814a00 nid=0x6003 runnable  [0x0000000000000000]
   java.lang.Thread.State: RUNNABLE

"Notification Thread" #12 daemon prio=9 os_prio=31 cpu=9.81ms elapsed=57.08s tid=0x000000012b816000 nid=0x6103 runnable  [0x0000000000000000]
   java.lang.Thread.State: RUNNABLE

"Common-Cleaner" #13 daemon prio=8 os_prio=31 cpu=22.02ms elapsed=57.05s tid=0x0000000109008200 nid=0x6303 in Object.wait()  [0x000000016dd52000]
   java.lang.Thread.State: TIMED_WAITING (on object monitor)
	at java.lang.Object.wait(java.base@17.0.19/Native Method)
	- waiting on <0x00000007d08a8f78> (a java.lang.ref.ReferenceQueue$Lock)
	at java.lang.ref.ReferenceQueue.remove(java.base@17.0.19/ReferenceQueue.java:155)
	- locked <0x00000007d08a8f78> (a java.lang.ref.ReferenceQueue$Lock)
	at jdk.internal.ref.CleanerImpl.run(java.base@17.0.19/CleanerImpl.java:140)
	at java.lang.Thread.run(java.base@17.0.19/Thread.java:842)
	at jdk.internal.misc.InnocuousThread.run(java.base@17.0.19/InnocuousThread.java:162)

"surefire-forkedjvm-stream-flusher" #14 daemon prio=5 os_prio=31 cpu=60.04ms elapsed=54.97s tid=0x00000001088c3c00 nid=0x7003 waiting on condition  [0x000000016df5e000]
   java.lang.Thread.State: TIMED_WAITING (parking)
	at jdk.internal.misc.Unsafe.park(java.base@17.0.19/Native Method)
	- parking to wait for  <0x00000007d08a5af0> (a java.util.concurrent.locks.AbstractQueuedSynchronizer$ConditionObject)
	at java.util.concurrent.locks.LockSupport.parkNanos(java.base@17.0.19/LockSupport.java:252)
	at java.util.concurrent.locks.AbstractQueuedSynchronizer$ConditionObject.awaitNanos(java.base@17.0.19/AbstractQueuedSynchronizer.java:1672)
	at java.util.concurrent.ScheduledThreadPoolExecutor$DelayedWorkQueue.take(java.base@17.0.19/ScheduledThreadPoolExecutor.java:1182)
	at java.util.concurrent.ScheduledThreadPoolExecutor$DelayedWorkQueue.take(java.base@17.0.19/ScheduledThreadPoolExecutor.java:899)
	at java.util.concurrent.ThreadPoolExecutor.getTask(java.base@17.0.19/ThreadPoolExecutor.java:1062)
	at java.util.concurrent.ThreadPoolExecutor.runWorker(java.base@17.0.19/ThreadPoolExecutor.java:1122)
	at java.util.concurrent.ThreadPoolExecutor$Worker.run(java.base@17.0.19/ThreadPoolExecutor.java:635)
	at java.lang.Thread.run(java.base@17.0.19/Thread.java:842)

"surefire-forkedjvm-command-thread" #16 daemon prio=5 os_prio=31 cpu=2.54ms elapsed=54.92s tid=0x00000001088b5200 nid=0x6503 runnable  [0x000000016e16a000]
   java.lang.Thread.State: RUNNABLE
	at java.io.FileInputStream.readBytes(java.base@17.0.19/Native Method)
	at java.io.FileInputStream.read(java.base@17.0.19/FileInputStream.java:276)
	at java.io.BufferedInputStream.read1(java.base@17.0.19/BufferedInputStream.java:282)
	at java.io.BufferedInputStream.read(java.base@17.0.19/BufferedInputStream.java:343)
	- locked <0x00000007d08a9178> (a java.io.BufferedInputStream)
	at java.io.BufferedInputStream.fill(java.base@17.0.19/BufferedInputStream.java:244)
	at java.io.BufferedInputStream.read1(java.base@17.0.19/BufferedInputStream.java:284)
	at java.io.BufferedInputStream.read(java.base@17.0.19/BufferedInputStream.java:343)
	- locked <0x00000007d08a91a0> (a java.io.BufferedInputStream)
	at org.apache.maven.surefire.api.util.internal.Channels$3.readImpl(Channels.java:169)
	at org.apache.maven.surefire.api.util.internal.AbstractNoninterruptibleReadableChannel.read(AbstractNoninterruptibleReadableChannel.java:50)
	at org.apache.maven.surefire.api.stream.AbstractStreamDecoder.read(AbstractStreamDecoder.java:430)
	at org.apache.maven.surefire.api.stream.AbstractStreamDecoder.read(AbstractStreamDecoder.java:419)
	at org.apache.maven.surefire.api.stream.AbstractStreamDecoder.readMessageType(AbstractStreamDecoder.java:116)
	at org.apache.maven.surefire.booter.stream.CommandDecoder.decode(CommandDecoder.java:77)
	at org.apache.maven.surefire.booter.spi.CommandChannelDecoder.decode(CommandChannelDecoder.java:60)
	at org.apache.maven.surefire.booter.CommandReader$CommandRunnable.run(CommandReader.java:290)
	at java.lang.Thread.run(java.base@17.0.19/Thread.java:842)

"junit-jupiter-timeout-watcher" #18 prio=10 os_prio=31 cpu=0.39ms elapsed=47.69s tid=0x0000000105065e00 nid=0x590b waiting on condition  [0x000000016edb2000]
   java.lang.Thread.State: TIMED_WAITING (parking)
	at jdk.internal.misc.Unsafe.park(java.base@17.0.19/Native Method)
	- parking to wait for  <0x00000007d09337d0> (a java.util.concurrent.locks.AbstractQueuedSynchronizer$ConditionObject)
	at java.util.concurrent.locks.LockSupport.parkNanos(java.base@17.0.19/LockSupport.java:252)
	at java.util.concurrent.locks.AbstractQueuedSynchronizer$ConditionObject.awaitNanos(java.base@17.0.19/AbstractQueuedSynchronizer.java:1672)
	at java.util.concurrent.ScheduledThreadPoolExecutor$DelayedWorkQueue.take(java.base@17.0.19/ScheduledThreadPoolExecutor.java:1182)
	at java.util.concurrent.ScheduledThreadPoolExecutor$DelayedWorkQueue.take(java.base@17.0.19/ScheduledThreadPoolExecutor.java:899)
	at java.util.concurrent.ThreadPoolExecutor.getTask(java.base@17.0.19/ThreadPoolExecutor.java:1062)
	at java.util.concurrent.ThreadPoolExecutor.runWorker(java.base@17.0.19/ThreadPoolExecutor.java:1122)
	at java.util.concurrent.ThreadPoolExecutor$Worker.run(java.base@17.0.19/ThreadPoolExecutor.java:635)
	at java.lang.Thread.run(java.base@17.0.19/Thread.java:842)

"process reaper" #19 daemon prio=10 os_prio=31 cpu=1.13ms elapsed=47.15s tid=0x000000012b80b200 nid=0x8203 waiting on condition  [0x000000016ca9a000]
   java.lang.Thread.State: TIMED_WAITING (parking)
	at jdk.internal.misc.Unsafe.park(java.base@17.0.19/Native Method)
	- parking to wait for  <0x00000007d0933a20> (a java.util.concurrent.SynchronousQueue$TransferStack)
	at java.util.concurrent.locks.LockSupport.parkNanos(java.base@17.0.19/LockSupport.java:252)
	at java.util.concurrent.SynchronousQueue$TransferStack.transfer(java.base@17.0.19/SynchronousQueue.java:401)
	at java.util.concurrent.SynchronousQueue.poll(java.base@17.0.19/SynchronousQueue.java:903)
	at java.util.concurrent.ThreadPoolExecutor.getTask(java.base@17.0.19/ThreadPoolExecutor.java:1061)
	at java.util.concurrent.ThreadPoolExecutor.runWorker(java.base@17.0.19/ThreadPoolExecutor.java:1122)
	at java.util.concurrent.ThreadPoolExecutor$Worker.run(java.base@17.0.19/ThreadPoolExecutor.java:635)
	at java.lang.Thread.run(java.base@17.0.19/Thread.java:842)

"Attach Listener" #20 daemon prio=9 os_prio=31 cpu=6.06ms elapsed=46.91s tid=0x0000000105275a00 nid=0x8303 waiting on condition  [0x0000000000000000]
   java.lang.Thread.State: RUNNABLE

"HttpClient-1-SelectorManager" #27 daemon prio=5 os_prio=31 cpu=3.88ms elapsed=20.10s tid=0x000000010f080e00 nid=0xa00f runnable  [0x000000016fc06000]
   java.lang.Thread.State: RUNNABLE
	at sun.nio.ch.KQueue.poll(java.base@17.0.19/Native Method)
	at sun.nio.ch.KQueueSelectorImpl.doSelect(java.base@17.0.19/KQueueSelectorImpl.java:122)
	at sun.nio.ch.SelectorImpl.lockAndDoSelect(java.base@17.0.19/SelectorImpl.java:129)
	- locked <0x00000007d37903f0> (a sun.nio.ch.Util$2)
	- locked <0x00000007d3790398> (a sun.nio.ch.KQueueSelectorImpl)
	at sun.nio.ch.SelectorImpl.select(java.base@17.0.19/SelectorImpl.java:141)
	at jdk.internal.net.http.HttpClientImpl$SelectorManager.run(java.net.http@17.0.19/HttpClientImpl.java:1296)

"HttpClient-2-SelectorManager" #28 daemon prio=5 os_prio=31 cpu=1.92ms elapsed=9.89s tid=0x000000010a1d4600 nid=0x9f0f runnable  [0x000000016fe12000]
   java.lang.Thread.State: RUNNABLE
	at sun.nio.ch.KQueue.poll(java.base@17.0.19/Native Method)
	at sun.nio.ch.KQueueSelectorImpl.doSelect(java.base@17.0.19/KQueueSelectorImpl.java:122)
	at sun.nio.ch.SelectorImpl.lockAndDoSelect(java.base@17.0.19/SelectorImpl.java:129)
	- locked <0x00000007d3afa1f0> (a sun.nio.ch.Util$2)
	- locked <0x00000007d3afa198> (a sun.nio.ch.KQueueSelectorImpl)
	at sun.nio.ch.SelectorImpl.select(java.base@17.0.19/SelectorImpl.java:141)
	at jdk.internal.net.http.HttpClientImpl$SelectorManager.run(java.net.http@17.0.19/HttpClientImpl.java:1296)

"VM Thread" os_prio=31 cpu=69.53ms elapsed=57.13s tid=0x000000010b104560 nid=0x4803 runnable  

"GC Thread#0" os_prio=31 cpu=120.91ms elapsed=57.25s tid=0x000000010b005a20 nid=0x3503 runnable  

"GC Thread#1" os_prio=31 cpu=130.65ms elapsed=53.66s tid=0x000000010af0ed80 nid=0x6e03 runnable  

"GC Thread#2" os_prio=31 cpu=112.66ms elapsed=53.66s tid=0x000000010b306e00 nid=0x6d03 runnable  

"GC Thread#3" os_prio=31 cpu=119.33ms elapsed=53.66s tid=0x000000010af0f030 nid=0x6803 runnable  

"GC Thread#4" os_prio=31 cpu=163.70ms elapsed=53.66s tid=0x000000012ae0c050 nid=0x6b03 runnable  

"GC Thread#5" os_prio=31 cpu=111.09ms elapsed=53.66s tid=0x000000012ae0c4d0 nid=0x6903 runnable  

"GC Thread#6" os_prio=31 cpu=123.72ms elapsed=45.02s tid=0x000000012af0d2c0 nid=0xa703 runnable  

"GC Thread#7" os_prio=31 cpu=104.27ms elapsed=45.02s tid=0x000000010b41fd60 nid=0x8403 runnable  

"GC Thread#8" os_prio=31 cpu=117.59ms elapsed=45.02s tid=0x000000010b11bd50 nid=0xa503 runnable  

"G1 Main Marker" os_prio=31 cpu=2.51ms elapsed=57.25s tid=0x000000010af044b0 nid=0x2f03 runnable  

"G1 Conc#0" os_prio=31 cpu=97.03ms elapsed=57.25s tid=0x000000010b3041a0 nid=0x3103 runnable  

"G1 Conc#1" os_prio=31 cpu=98.35ms elapsed=45.00s tid=0x000000010af25950 nid=0x8603 runnable  

"G1 Refine#0" os_prio=31 cpu=24.22ms elapsed=57.25s tid=0x000000010af06600 nid=0x5303 runnable  

"G1 Refine#1" os_prio=31 cpu=0.94ms elapsed=2.69s tid=0x000000010b182700 nid=0x9c03 runnable  

"G1 Service" os_prio=31 cpu=6.73ms elapsed=57.25s tid=0x000000012ae083d0 nid=0x5203 runnable  

"VM Periodic Task Thread" os_prio=31 cpu=21.64ms elapsed=57.08s tid=0x000000010b007770 nid=0x6203 waiting on condition  

JNI global refs: 23, weak refs: 9

