Mach Virtual Memory Statistics: (page size of 16384 bytes)
Pages free:                                     3970.
Pages active:                                 125454.
Pages inactive:                               114852.
Pages speculative:                              9348.
Pages throttled:                                   0.
Pages wired down:                             481417.
Pages purgeable:                                   8.
"Translation faults":                    69572013541.
Pages copy-on-write:                      2211743454.
Pages zero filled:                       14743798389.
Pages reactivated:                       25003315009.
Pages purged:                             2612176443.
File-backed pages:                             80788.
Anonymous pages:                              168866.
Pages stored in compressor:                  2771772.
Pages occupied by compressor:                 278302.
Decompressions:                          34853295588.
Compressions:                            35772558154.
Pageins:                                   916061578.
Pageouts:                                    8285138.
Swapins:                                   605516322.
Swapouts:                                  629653842.
